[0.006s] Invoking command in '/home/jao/Desktop/ITDS331_ROS2_FINAL_EXAM_MODULE/ros2/build/restaurant_world': DEBUGINFOD_URLS=https://debuginfod.ubuntu.com /usr/bin/cmake /home/jao/Desktop/ITDS331_ROS2_FINAL_EXAM_MODULE/ros2/src/restaurant_world -DCATKIN_INSTALL_INTO_PREFIX_ROOT=0 -DCMAKE_INSTALL_PREFIX=/home/jao/Desktop/ITDS331_ROS2_FINAL_EXAM_MODULE/ros2/install/restaurant_world
[0.044s] -- The C compiler identification is GNU 13.3.0
[0.079s] -- The CXX compiler identification is GNU 13.3.0
[0.091s] -- Detecting C compiler ABI info
[0.153s] -- Detecting C compiler ABI info - done
[0.158s] -- Check for working C compiler: /usr/bin/cc - skipped
[0.158s] -- Detecting C compile features
[0.158s] -- Detecting C compile features - done
[0.165s] -- Detecting CXX compiler ABI info
[0.233s] -- Detecting CXX compiler ABI info - done
[0.239s] -- Check for working CXX compiler: /usr/bin/c++ - skipped
[0.239s] -- Detecting CXX compile features
[0.239s] -- Detecting CXX compile features - done
[0.242s] -- Found ament_cmake: 2.5.4 (/opt/ros/jazzy/share/ament_cmake/cmake)
[0.345s] -- Found Python3: /usr/bin/python3 (found version "3.12.3") found components: Interpreter 
[0.473s] -- Configuring done (0.5s)
[0.475s] -- Generating done (0.0s)
[0.476s] [33mCMake Warning:
[0.476s]   Manually-specified variables were not used by the project:
[0.476s] 
[0.476s]     CATKIN_INSTALL_INTO_PREFIX_ROOT
[0.476s] 
[0.476s] [0m
[0.476s] -- Build files have been written to: /home/jao/Desktop/ITDS331_ROS2_FINAL_EXAM_MODULE/ros2/build/restaurant_world
[0.480s] Invoked command in '/home/jao/Desktop/ITDS331_ROS2_FINAL_EXAM_MODULE/ros2/build/restaurant_world' returned '0': DEBUGINFOD_URLS=https://debuginfod.ubuntu.com /usr/bin/cmake /home/jao/Desktop/ITDS331_ROS2_FINAL_EXAM_MODULE/ros2/src/restaurant_world -DCATKIN_INSTALL_INTO_PREFIX_ROOT=0 -DCMAKE_INSTALL_PREFIX=/home/jao/Desktop/ITDS331_ROS2_FINAL_EXAM_MODULE/ros2/install/restaurant_world
[0.481s] Invoking command in '/home/jao/Desktop/ITDS331_ROS2_FINAL_EXAM_MODULE/ros2/build/restaurant_world': DEBUGINFOD_URLS=https://debuginfod.ubuntu.com /usr/bin/cmake --build /home/jao/Desktop/ITDS331_ROS2_FINAL_EXAM_MODULE/ros2/build/restaurant_world -- -j32 -l32
[0.510s] Invoked command in '/home/jao/Desktop/ITDS331_ROS2_FINAL_EXAM_MODULE/ros2/build/restaurant_world' returned '0': DEBUGINFOD_URLS=https://debuginfod.ubuntu.com /usr/bin/cmake --build /home/jao/Desktop/ITDS331_ROS2_FINAL_EXAM_MODULE/ros2/build/restaurant_world -- -j32 -l32
[0.517s] Invoking command in '/home/jao/Desktop/ITDS331_ROS2_FINAL_EXAM_MODULE/ros2/build/restaurant_world': DEBUGINFOD_URLS=https://debuginfod.ubuntu.com /usr/bin/cmake --install /home/jao/Desktop/ITDS331_ROS2_FINAL_EXAM_MODULE/ros2/build/restaurant_world
[0.522s] -- Install configuration: ""
[0.522s] -- Installing: /home/jao/Desktop/ITDS331_ROS2_FINAL_EXAM_MODULE/ros2/install/restaurant_world/share/restaurant_world//launch
[0.522s] -- Installing: /home/jao/Desktop/ITDS331_ROS2_FINAL_EXAM_MODULE/ros2/install/restaurant_world/share/restaurant_world//launch/restaurant_world.launch.py
[0.522s] -- Installing: /home/jao/Desktop/ITDS331_ROS2_FINAL_EXAM_MODULE/ros2/install/restaurant_world/share/restaurant_world//worlds
[0.522s] -- Installing: /home/jao/Desktop/ITDS331_ROS2_FINAL_EXAM_MODULE/ros2/install/restaurant_world/share/restaurant_world//worlds/restaurant.world
[0.522s] -- Installing: /home/jao/Desktop/ITDS331_ROS2_FINAL_EXAM_MODULE/ros2/install/restaurant_world/share/restaurant_world//models
[0.522s] -- Installing: /home/jao/Desktop/ITDS331_ROS2_FINAL_EXAM_MODULE/ros2/install/restaurant_world/share/restaurant_world//models/plant_pot
[0.522s] -- Installing: /home/jao/Desktop/ITDS331_ROS2_FINAL_EXAM_MODULE/ros2/install/restaurant_world/share/restaurant_world//models/plant_pot/model.sdf
[0.522s] -- Installing: /home/jao/Desktop/ITDS331_ROS2_FINAL_EXAM_MODULE/ros2/install/restaurant_world/share/restaurant_world//models/plant_pot/model.config
[0.522s] -- Installing: /home/jao/Desktop/ITDS331_ROS2_FINAL_EXAM_MODULE/ros2/install/restaurant_world/share/restaurant_world//models/table
[0.523s] -- Installing: /home/jao/Desktop/ITDS331_ROS2_FINAL_EXAM_MODULE/ros2/install/restaurant_world/share/restaurant_world//models/table/model.sdf
[0.523s] -- Installing: /home/jao/Desktop/ITDS331_ROS2_FINAL_EXAM_MODULE/ros2/install/restaurant_world/share/restaurant_world//models/table/model.config
[0.523s] -- Installing: /home/jao/Desktop/ITDS331_ROS2_FINAL_EXAM_MODULE/ros2/install/restaurant_world/share/restaurant_world//models/chair
[0.523s] -- Installing: /home/jao/Desktop/ITDS331_ROS2_FINAL_EXAM_MODULE/ros2/install/restaurant_world/share/restaurant_world//models/chair/model.sdf
[0.523s] -- Installing: /home/jao/Desktop/ITDS331_ROS2_FINAL_EXAM_MODULE/ros2/install/restaurant_world/share/restaurant_world//models/chair/model.config
[0.523s] -- Installing: /home/jao/Desktop/ITDS331_ROS2_FINAL_EXAM_MODULE/ros2/install/restaurant_world/share/restaurant_world//maps
[0.523s] -- Installing: /home/jao/Desktop/ITDS331_ROS2_FINAL_EXAM_MODULE/ros2/install/restaurant_world/share/restaurant_world//maps/restaurant_map.yaml
[0.523s] -- Installing: /home/jao/Desktop/ITDS331_ROS2_FINAL_EXAM_MODULE/ros2/install/restaurant_world/share/restaurant_world//maps/restaurant_map.pgm
[0.523s] -- Installing: /home/jao/Desktop/ITDS331_ROS2_FINAL_EXAM_MODULE/ros2/install/restaurant_world/share/ament_index/resource_index/package_run_dependencies/restaurant_world
[0.523s] -- Installing: /home/jao/Desktop/ITDS331_ROS2_FINAL_EXAM_MODULE/ros2/install/restaurant_world/share/ament_index/resource_index/parent_prefix_path/restaurant_world
[0.524s] -- Installing: /home/jao/Desktop/ITDS331_ROS2_FINAL_EXAM_MODULE/ros2/install/restaurant_world/share/restaurant_world/environment/ament_prefix_path.sh
[0.524s] -- Installing: /home/jao/Desktop/ITDS331_ROS2_FINAL_EXAM_MODULE/ros2/install/restaurant_world/share/restaurant_world/environment/ament_prefix_path.dsv
[0.524s] -- Installing: /home/jao/Desktop/ITDS331_ROS2_FINAL_EXAM_MODULE/ros2/install/restaurant_world/share/restaurant_world/environment/path.sh
[0.524s] -- Installing: /home/jao/Desktop/ITDS331_ROS2_FINAL_EXAM_MODULE/ros2/install/restaurant_world/share/restaurant_world/environment/path.dsv
[0.524s] -- Installing: /home/jao/Desktop/ITDS331_ROS2_FINAL_EXAM_MODULE/ros2/install/restaurant_world/share/restaurant_world/local_setup.bash
[0.524s] -- Installing: /home/jao/Desktop/ITDS331_ROS2_FINAL_EXAM_MODULE/ros2/install/restaurant_world/share/restaurant_world/local_setup.sh
[0.524s] -- Installing: /home/jao/Desktop/ITDS331_ROS2_FINAL_EXAM_MODULE/ros2/install/restaurant_world/share/restaurant_world/local_setup.zsh
[0.524s] -- Installing: /home/jao/Desktop/ITDS331_ROS2_FINAL_EXAM_MODULE/ros2/install/restaurant_world/share/restaurant_world/local_setup.dsv
[0.524s] -- Installing: /home/jao/Desktop/ITDS331_ROS2_FINAL_EXAM_MODULE/ros2/install/restaurant_world/share/restaurant_world/package.dsv
[0.524s] -- Installing: /home/jao/Desktop/ITDS331_ROS2_FINAL_EXAM_MODULE/ros2/install/restaurant_world/share/ament_index/resource_index/packages/restaurant_world
[0.525s] -- Installing: /home/jao/Desktop/ITDS331_ROS2_FINAL_EXAM_MODULE/ros2/install/restaurant_world/share/restaurant_world/cmake/restaurant_worldConfig.cmake
[0.525s] -- Installing: /home/jao/Desktop/ITDS331_ROS2_FINAL_EXAM_MODULE/ros2/install/restaurant_world/share/restaurant_world/cmake/restaurant_worldConfig-version.cmake
[0.525s] -- Installing: /home/jao/Desktop/ITDS331_ROS2_FINAL_EXAM_MODULE/ros2/install/restaurant_world/share/restaurant_world/package.xml
[0.526s] Invoked command in '/home/jao/Desktop/ITDS331_ROS2_FINAL_EXAM_MODULE/ros2/build/restaurant_world' returned '0': DEBUGINFOD_URLS=https://debuginfod.ubuntu.com /usr/bin/cmake --install /home/jao/Desktop/ITDS331_ROS2_FINAL_EXAM_MODULE/ros2/build/restaurant_world
