[0.461s] Invoking command in '/home/jao/Desktop/ITDS331_ROS2_FINAL_EXAM_MODULE/build/restaurant_robot': DEBUGINFOD_URLS=https://debuginfod.ubuntu.com PYTHONPATH=/home/jao/Desktop/ITDS331_ROS2_FINAL_EXAM_MODULE/build/restaurant_robot/prefix_override:/usr/lib/python3/dist-packages/colcon_core/task/python/colcon_distutils_commands:/home/jao/Desktop/ITDS331_ROS2_FINAL_EXAM_MODULE/install/restaurant_robot/lib/python3.12/site-packages:${PYTHONPATH} /usr/bin/python3 -W ignore:setup.py install is deprecated -W ignore:easy_install command is deprecated setup.py develop --editable --build-directory /home/jao/Desktop/ITDS331_ROS2_FINAL_EXAM_MODULE/build/restaurant_robot/build --no-deps symlink_data
[0.642s] running develop
[0.752s] running egg_info
[0.763s] writing restaurant_robot.egg-info/PKG-INFO
[0.763s] writing dependency_links to restaurant_robot.egg-info/dependency_links.txt
[0.763s] writing entry points to restaurant_robot.egg-info/entry_points.txt
[0.763s] writing requirements to restaurant_robot.egg-info/requires.txt
[0.763s] writing top-level names to restaurant_robot.egg-info/top_level.txt
[0.783s] reading manifest file 'restaurant_robot.egg-info/SOURCES.txt'
[0.784s] writing manifest file 'restaurant_robot.egg-info/SOURCES.txt'
[0.795s] running build_ext
[0.795s] Creating /home/jao/Desktop/ITDS331_ROS2_FINAL_EXAM_MODULE/install/restaurant_robot/lib/python3.12/site-packages/restaurant-robot.egg-link (link to .)
[0.796s] Installing order_server script to /home/jao/Desktop/ITDS331_ROS2_FINAL_EXAM_MODULE/install/restaurant_robot/lib/restaurant_robot
[0.796s] 
[0.796s] Installed /home/jao/Desktop/ITDS331_ROS2_FINAL_EXAM_MODULE/build/restaurant_robot
[0.796s] running symlink_data
[0.796s] creating /home/jao/Desktop/ITDS331_ROS2_FINAL_EXAM_MODULE/install/restaurant_robot/share/restaurant_robot/launch
[0.796s] symbolically linking /home/jao/Desktop/ITDS331_ROS2_FINAL_EXAM_MODULE/build/restaurant_robot/launch/online_async_launch.py -> /home/jao/Desktop/ITDS331_ROS2_FINAL_EXAM_MODULE/install/restaurant_robot/share/restaurant_robot/launch
[0.796s] creating /home/jao/Desktop/ITDS331_ROS2_FINAL_EXAM_MODULE/install/restaurant_robot/share/restaurant_robot/config
[0.796s] symbolically linking /home/jao/Desktop/ITDS331_ROS2_FINAL_EXAM_MODULE/build/restaurant_robot/config/mapper_params_online_async.yaml -> /home/jao/Desktop/ITDS331_ROS2_FINAL_EXAM_MODULE/install/restaurant_robot/share/restaurant_robot/config
[0.796s] symbolically linking /home/jao/Desktop/ITDS331_ROS2_FINAL_EXAM_MODULE/build/restaurant_robot/config/slam.rviz -> /home/jao/Desktop/ITDS331_ROS2_FINAL_EXAM_MODULE/install/restaurant_robot/share/restaurant_robot/config
[0.819s] Invoked command in '/home/jao/Desktop/ITDS331_ROS2_FINAL_EXAM_MODULE/build/restaurant_robot' returned '0': DEBUGINFOD_URLS=https://debuginfod.ubuntu.com PYTHONPATH=/home/jao/Desktop/ITDS331_ROS2_FINAL_EXAM_MODULE/build/restaurant_robot/prefix_override:/usr/lib/python3/dist-packages/colcon_core/task/python/colcon_distutils_commands:/home/jao/Desktop/ITDS331_ROS2_FINAL_EXAM_MODULE/install/restaurant_robot/lib/python3.12/site-packages:${PYTHONPATH} /usr/bin/python3 -W ignore:setup.py install is deprecated -W ignore:easy_install command is deprecated setup.py develop --editable --build-directory /home/jao/Desktop/ITDS331_ROS2_FINAL_EXAM_MODULE/build/restaurant_robot/build --no-deps symlink_data
