[0.007s] Invoking command in '/home/jao/Desktop/ITDS331_ROS2_FINAL_EXAM_MODULE/build/restaurant_world': CMAKE_PREFIX_PATH=/home/jao/Desktop/ITDS331_ROS2_FINAL_EXAM_MODULE/ros2/install/restaurant_robot:/opt/ros/jazzy:${CMAKE_PREFIX_PATH} DEBUGINFOD_URLS=https://debuginfod.ubuntu.com /usr/bin/cmake --build /home/jao/Desktop/ITDS331_ROS2_FINAL_EXAM_MODULE/build/restaurant_world -- -j32 -l32
[0.039s] Invoked command in '/home/jao/Desktop/ITDS331_ROS2_FINAL_EXAM_MODULE/build/restaurant_world' returned '0': CMAKE_PREFIX_PATH=/home/jao/Desktop/ITDS331_ROS2_FINAL_EXAM_MODULE/ros2/install/restaurant_robot:/opt/ros/jazzy:${CMAKE_PREFIX_PATH} DEBUGINFOD_URLS=https://debuginfod.ubuntu.com /usr/bin/cmake --build /home/jao/Desktop/ITDS331_ROS2_FINAL_EXAM_MODULE/build/restaurant_world -- -j32 -l32
[0.047s] Invoking command in '/home/jao/Desktop/ITDS331_ROS2_FINAL_EXAM_MODULE/build/restaurant_world': CMAKE_PREFIX_PATH=/home/jao/Desktop/ITDS331_ROS2_FINAL_EXAM_MODULE/ros2/install/restaurant_robot:/opt/ros/jazzy:${CMAKE_PREFIX_PATH} DEBUGINFOD_URLS=https://debuginfod.ubuntu.com /usr/bin/cmake --install /home/jao/Desktop/ITDS331_ROS2_FINAL_EXAM_MODULE/build/restaurant_world
[0.053s] -- Install configuration: ""
[0.053s] -- Execute custom install script
[0.053s] -- Up-to-date symlink: /home/jao/Desktop/ITDS331_ROS2_FINAL_EXAM_MODULE/install/restaurant_world/share/restaurant_world//launch/restaurant_world.launch.py
[0.053s] -- Up-to-date symlink: /home/jao/Desktop/ITDS331_ROS2_FINAL_EXAM_MODULE/install/restaurant_world/share/restaurant_world//worlds/restaurant.world
[0.054s] -- Up-to-date symlink: /home/jao/Desktop/ITDS331_ROS2_FINAL_EXAM_MODULE/install/restaurant_world/share/restaurant_world//models/chair/model.config
[0.054s] -- Up-to-date symlink: /home/jao/Desktop/ITDS331_ROS2_FINAL_EXAM_MODULE/install/restaurant_world/share/restaurant_world//models/chair/model.sdf
[0.054s] -- Up-to-date symlink: /home/jao/Desktop/ITDS331_ROS2_FINAL_EXAM_MODULE/install/restaurant_world/share/restaurant_world//models/plant_pot/model.config
[0.054s] -- Up-to-date symlink: /home/jao/Desktop/ITDS331_ROS2_FINAL_EXAM_MODULE/install/restaurant_world/share/restaurant_world//models/plant_pot/model.sdf
[0.054s] -- Up-to-date symlink: /home/jao/Desktop/ITDS331_ROS2_FINAL_EXAM_MODULE/install/restaurant_world/share/restaurant_world//models/table/model.config
[0.054s] -- Up-to-date symlink: /home/jao/Desktop/ITDS331_ROS2_FINAL_EXAM_MODULE/install/restaurant_world/share/restaurant_world//models/table/model.sdf
[0.054s] -- Up-to-date symlink: /home/jao/Desktop/ITDS331_ROS2_FINAL_EXAM_MODULE/install/restaurant_world/share/restaurant_world//models/turtlebot3_burger/model.sdf
[0.054s] -- Up-to-date symlink: /home/jao/Desktop/ITDS331_ROS2_FINAL_EXAM_MODULE/install/restaurant_world/share/restaurant_world//params/turtlebot3_burger_bridge.yaml
[0.054s] -- Up-to-date symlink: /home/jao/Desktop/ITDS331_ROS2_FINAL_EXAM_MODULE/install/restaurant_world/share/restaurant_world//params/turtlebot3_burger_custom_bridge.yaml
[0.054s] -- Up-to-date symlink: /home/jao/Desktop/ITDS331_ROS2_FINAL_EXAM_MODULE/install/restaurant_world/share/restaurant_world//maps/restaurant_map.pgm
[0.055s] -- Up-to-date symlink: /home/jao/Desktop/ITDS331_ROS2_FINAL_EXAM_MODULE/install/restaurant_world/share/restaurant_world//maps/restaurant_map.yaml
[0.055s] -- Up-to-date symlink: /home/jao/Desktop/ITDS331_ROS2_FINAL_EXAM_MODULE/install/restaurant_world/share/ament_index/resource_index/package_run_dependencies/restaurant_world
[0.055s] -- Up-to-date symlink: /home/jao/Desktop/ITDS331_ROS2_FINAL_EXAM_MODULE/install/restaurant_world/share/ament_index/resource_index/parent_prefix_path/restaurant_world
[0.055s] -- Up-to-date symlink: /home/jao/Desktop/ITDS331_ROS2_FINAL_EXAM_MODULE/install/restaurant_world/share/restaurant_world/environment/ament_prefix_path.sh
[0.055s] -- Up-to-date symlink: /home/jao/Desktop/ITDS331_ROS2_FINAL_EXAM_MODULE/install/restaurant_world/share/restaurant_world/environment/ament_prefix_path.dsv
[0.055s] -- Up-to-date symlink: /home/jao/Desktop/ITDS331_ROS2_FINAL_EXAM_MODULE/install/restaurant_world/share/restaurant_world/environment/path.sh
[0.055s] -- Up-to-date symlink: /home/jao/Desktop/ITDS331_ROS2_FINAL_EXAM_MODULE/install/restaurant_world/share/restaurant_world/environment/path.dsv
[0.055s] -- Up-to-date symlink: /home/jao/Desktop/ITDS331_ROS2_FINAL_EXAM_MODULE/install/restaurant_world/share/restaurant_world/local_setup.bash
[0.055s] -- Up-to-date symlink: /home/jao/Desktop/ITDS331_ROS2_FINAL_EXAM_MODULE/install/restaurant_world/share/restaurant_world/local_setup.sh
[0.055s] -- Up-to-date symlink: /home/jao/Desktop/ITDS331_ROS2_FINAL_EXAM_MODULE/install/restaurant_world/share/restaurant_world/local_setup.zsh
[0.055s] -- Up-to-date symlink: /home/jao/Desktop/ITDS331_ROS2_FINAL_EXAM_MODULE/install/restaurant_world/share/restaurant_world/local_setup.dsv
[0.055s] -- Symlinking: /home/jao/Desktop/ITDS331_ROS2_FINAL_EXAM_MODULE/install/restaurant_world/share/restaurant_world/package.dsv
[0.063s] -- Up-to-date symlink: /home/jao/Desktop/ITDS331_ROS2_FINAL_EXAM_MODULE/install/restaurant_world/share/ament_index/resource_index/packages/restaurant_world
[0.064s] -- Up-to-date symlink: /home/jao/Desktop/ITDS331_ROS2_FINAL_EXAM_MODULE/install/restaurant_world/share/restaurant_world/cmake/restaurant_worldConfig.cmake
[0.064s] -- Up-to-date symlink: /home/jao/Desktop/ITDS331_ROS2_FINAL_EXAM_MODULE/install/restaurant_world/share/restaurant_world/cmake/restaurant_worldConfig-version.cmake
[0.064s] -- Up-to-date symlink: /home/jao/Desktop/ITDS331_ROS2_FINAL_EXAM_MODULE/install/restaurant_world/share/restaurant_world/package.xml
[0.066s] Invoked command in '/home/jao/Desktop/ITDS331_ROS2_FINAL_EXAM_MODULE/build/restaurant_world' returned '0': CMAKE_PREFIX_PATH=/home/jao/Desktop/ITDS331_ROS2_FINAL_EXAM_MODULE/ros2/install/restaurant_robot:/opt/ros/jazzy:${CMAKE_PREFIX_PATH} DEBUGINFOD_URLS=https://debuginfod.ubuntu.com /usr/bin/cmake --install /home/jao/Desktop/ITDS331_ROS2_FINAL_EXAM_MODULE/build/restaurant_world
