[0.394s] Invoking command in '/home/jao/Desktop/ITDS331_ROS2_FINAL_EXAM_MODULE/ros2/src/restaurant_robot': DEBUGINFOD_URLS=https://debuginfod.ubuntu.com PYTHONPATH=/home/jao/Desktop/ITDS331_ROS2_FINAL_EXAM_MODULE/build/restaurant_robot/prefix_override:/usr/lib/python3/dist-packages/colcon_core/task/python/colcon_distutils_commands:/home/jao/Desktop/ITDS331_ROS2_FINAL_EXAM_MODULE/install/restaurant_robot/lib/python3.12/site-packages: /usr/bin/python3 -W ignore:setup.py install is deprecated -W ignore:easy_install command is deprecated setup.py egg_info --egg-base ../../../build/restaurant_robot build --build-base /home/jao/Desktop/ITDS331_ROS2_FINAL_EXAM_MODULE/build/restaurant_robot/build install --record /home/jao/Desktop/ITDS331_ROS2_FINAL_EXAM_MODULE/build/restaurant_robot/install.log --single-version-externally-managed install_data
[0.486s] running egg_info
[0.486s] creating ../../../build/restaurant_robot/restaurant_robot.egg-info
[0.490s] writing ../../../build/restaurant_robot/restaurant_robot.egg-info/PKG-INFO
[0.490s] writing dependency_links to ../../../build/restaurant_robot/restaurant_robot.egg-info/dependency_links.txt
[0.490s] writing entry points to ../../../build/restaurant_robot/restaurant_robot.egg-info/entry_points.txt
[0.490s] writing requirements to ../../../build/restaurant_robot/restaurant_robot.egg-info/requires.txt
[0.490s] writing top-level names to ../../../build/restaurant_robot/restaurant_robot.egg-info/top_level.txt
[0.491s] writing manifest file '../../../build/restaurant_robot/restaurant_robot.egg-info/SOURCES.txt'
[0.500s] reading manifest file '../../../build/restaurant_robot/restaurant_robot.egg-info/SOURCES.txt'
[0.500s] writing manifest file '../../../build/restaurant_robot/restaurant_robot.egg-info/SOURCES.txt'
[0.500s] running build
[0.500s] running build_py
[0.500s] creating /home/jao/Desktop/ITDS331_ROS2_FINAL_EXAM_MODULE/build/restaurant_robot/build
[0.501s] creating /home/jao/Desktop/ITDS331_ROS2_FINAL_EXAM_MODULE/build/restaurant_robot/build/lib
[0.501s] creating /home/jao/Desktop/ITDS331_ROS2_FINAL_EXAM_MODULE/build/restaurant_robot/build/lib/restaurant_robot
[0.501s] copying restaurant_robot/order_server.py -> /home/jao/Desktop/ITDS331_ROS2_FINAL_EXAM_MODULE/build/restaurant_robot/build/lib/restaurant_robot
[0.501s] copying restaurant_robot/__init__.py -> /home/jao/Desktop/ITDS331_ROS2_FINAL_EXAM_MODULE/build/restaurant_robot/build/lib/restaurant_robot
[0.501s] running install
[0.504s] running install_lib
[0.509s] creating /home/jao/Desktop/ITDS331_ROS2_FINAL_EXAM_MODULE/install/restaurant_robot/lib/python3.12/site-packages/restaurant_robot
[0.509s] copying /home/jao/Desktop/ITDS331_ROS2_FINAL_EXAM_MODULE/build/restaurant_robot/build/lib/restaurant_robot/order_server.py -> /home/jao/Desktop/ITDS331_ROS2_FINAL_EXAM_MODULE/install/restaurant_robot/lib/python3.12/site-packages/restaurant_robot
[0.509s] copying /home/jao/Desktop/ITDS331_ROS2_FINAL_EXAM_MODULE/build/restaurant_robot/build/lib/restaurant_robot/__init__.py -> /home/jao/Desktop/ITDS331_ROS2_FINAL_EXAM_MODULE/install/restaurant_robot/lib/python3.12/site-packages/restaurant_robot
[0.509s] byte-compiling /home/jao/Desktop/ITDS331_ROS2_FINAL_EXAM_MODULE/install/restaurant_robot/lib/python3.12/site-packages/restaurant_robot/order_server.py to order_server.cpython-312.pyc
[0.510s] byte-compiling /home/jao/Desktop/ITDS331_ROS2_FINAL_EXAM_MODULE/install/restaurant_robot/lib/python3.12/site-packages/restaurant_robot/__init__.py to __init__.cpython-312.pyc
[0.510s] running install_data
[0.510s] creating /home/jao/Desktop/ITDS331_ROS2_FINAL_EXAM_MODULE/install/restaurant_robot/share/ament_index
[0.510s] creating /home/jao/Desktop/ITDS331_ROS2_FINAL_EXAM_MODULE/install/restaurant_robot/share/ament_index/resource_index
[0.510s] creating /home/jao/Desktop/ITDS331_ROS2_FINAL_EXAM_MODULE/install/restaurant_robot/share/ament_index/resource_index/packages
[0.510s] copying resource/restaurant_robot -> /home/jao/Desktop/ITDS331_ROS2_FINAL_EXAM_MODULE/install/restaurant_robot/share/ament_index/resource_index/packages
[0.510s] copying package.xml -> /home/jao/Desktop/ITDS331_ROS2_FINAL_EXAM_MODULE/install/restaurant_robot/share/restaurant_robot
[0.510s] running install_egg_info
[0.516s] Copying ../../../build/restaurant_robot/restaurant_robot.egg-info to /home/jao/Desktop/ITDS331_ROS2_FINAL_EXAM_MODULE/install/restaurant_robot/lib/python3.12/site-packages/restaurant_robot-0.0.0-py3.12.egg-info
[0.517s] running install_scripts
[0.561s] Installing order_server script to /home/jao/Desktop/ITDS331_ROS2_FINAL_EXAM_MODULE/install/restaurant_robot/lib/restaurant_robot
[0.561s] writing list of installed files to '/home/jao/Desktop/ITDS331_ROS2_FINAL_EXAM_MODULE/build/restaurant_robot/install.log'
