[0.117s] Invoking command in '/home/jao/Desktop/ITDS331_ROS2_FINAL_EXAM_MODULE/ros2/build/restaurant_world': DEBUGINFOD_URLS=https://debuginfod.ubuntu.com /usr/bin/cmake /home/jao/Desktop/ITDS331_ROS2_FINAL_EXAM_MODULE/ros2/src/restaurant_world -DCATKIN_INSTALL_INTO_PREFIX_ROOT=0 -DCATKIN_SYMLINK_INSTALL=ON -DCMAKE_INSTALL_PREFIX=/home/jao/Desktop/ITDS331_ROS2_FINAL_EXAM_MODULE/ros2/install/restaurant_world
[0.156s] -- The C compiler identification is GNU 13.3.0
[0.192s] -- The CXX compiler identification is GNU 13.3.0
[0.204s] -- Detecting C compiler ABI info
[0.269s] -- Detecting C compiler ABI info - done
[0.274s] -- Check for working C compiler: /usr/bin/cc - skipped
[0.274s] -- Detecting C compile features
[0.274s] -- Detecting C compile features - done
[0.281s] -- Detecting CXX compiler ABI info
[0.355s] -- Detecting CXX compiler ABI info - done
[0.361s] -- Check for working CXX compiler: /usr/bin/c++ - skipped
[0.361s] -- Detecting CXX compile features
[0.362s] -- Detecting CXX compile features - done
[0.365s] -- Found ament_cmake: 2.5.4 (/opt/ros/jazzy/share/ament_cmake/cmake)
[0.468s] -- Found Python3: /usr/bin/python3 (found version "3.12.3") found components: Interpreter 
[0.601s] -- Configuring done (0.5s)
[0.603s] -- Generating done (0.0s)
[0.604s] [33mCMake Warning:
[0.604s]   Manually-specified variables were not used by the project:
[0.604s] 
[0.604s]     CATKIN_INSTALL_INTO_PREFIX_ROOT
[0.604s]     CATKIN_SYMLINK_INSTALL
[0.604s] 
[0.604s] [0m
[0.605s] -- Build files have been written to: /home/jao/Desktop/ITDS331_ROS2_FINAL_EXAM_MODULE/ros2/build/restaurant_world
[0.609s] Invoked command in '/home/jao/Desktop/ITDS331_ROS2_FINAL_EXAM_MODULE/ros2/build/restaurant_world' returned '0': DEBUGINFOD_URLS=https://debuginfod.ubuntu.com /usr/bin/cmake /home/jao/Desktop/ITDS331_ROS2_FINAL_EXAM_MODULE/ros2/src/restaurant_world -DCATKIN_INSTALL_INTO_PREFIX_ROOT=0 -DCATKIN_SYMLINK_INSTALL=ON -DCMAKE_INSTALL_PREFIX=/home/jao/Desktop/ITDS331_ROS2_FINAL_EXAM_MODULE/ros2/install/restaurant_world
[0.609s] Invoking command in '/home/jao/Desktop/ITDS331_ROS2_FINAL_EXAM_MODULE/ros2/build/restaurant_world': DEBUGINFOD_URLS=https://debuginfod.ubuntu.com /usr/bin/cmake --build /home/jao/Desktop/ITDS331_ROS2_FINAL_EXAM_MODULE/ros2/build/restaurant_world -- -j32 -l32
[0.640s] Invoked command in '/home/jao/Desktop/ITDS331_ROS2_FINAL_EXAM_MODULE/ros2/build/restaurant_world' returned '0': DEBUGINFOD_URLS=https://debuginfod.ubuntu.com /usr/bin/cmake --build /home/jao/Desktop/ITDS331_ROS2_FINAL_EXAM_MODULE/ros2/build/restaurant_world -- -j32 -l32
[0.647s] Invoking command in '/home/jao/Desktop/ITDS331_ROS2_FINAL_EXAM_MODULE/ros2/build/restaurant_world': DEBUGINFOD_URLS=https://debuginfod.ubuntu.com /usr/bin/cmake --install /home/jao/Desktop/ITDS331_ROS2_FINAL_EXAM_MODULE/ros2/build/restaurant_world
[0.651s] -- Install configuration: ""
[0.651s] -- Installing: /home/jao/Desktop/ITDS331_ROS2_FINAL_EXAM_MODULE/ros2/install/restaurant_world/share/restaurant_world/launch
[0.651s] -- Installing: /home/jao/Desktop/ITDS331_ROS2_FINAL_EXAM_MODULE/ros2/install/restaurant_world/share/restaurant_world/launch/restaurant_world.launch.py
[0.652s] -- Installing: /home/jao/Desktop/ITDS331_ROS2_FINAL_EXAM_MODULE/ros2/install/restaurant_world/share/restaurant_world/worlds
[0.652s] -- Installing: /home/jao/Desktop/ITDS331_ROS2_FINAL_EXAM_MODULE/ros2/install/restaurant_world/share/restaurant_world/worlds/restaurant.world
[0.652s] -- Installing: /home/jao/Desktop/ITDS331_ROS2_FINAL_EXAM_MODULE/ros2/install/restaurant_world/share/restaurant_world/models
[0.652s] -- Installing: /home/jao/Desktop/ITDS331_ROS2_FINAL_EXAM_MODULE/ros2/install/restaurant_world/share/restaurant_world/models/plant_pot
[0.652s] -- Installing: /home/jao/Desktop/ITDS331_ROS2_FINAL_EXAM_MODULE/ros2/install/restaurant_world/share/restaurant_world/models/plant_pot/model.sdf
[0.652s] -- Installing: /home/jao/Desktop/ITDS331_ROS2_FINAL_EXAM_MODULE/ros2/install/restaurant_world/share/restaurant_world/models/plant_pot/model.config
[0.652s] -- Installing: /home/jao/Desktop/ITDS331_ROS2_FINAL_EXAM_MODULE/ros2/install/restaurant_world/share/restaurant_world/models/table
[0.652s] -- Installing: /home/jao/Desktop/ITDS331_ROS2_FINAL_EXAM_MODULE/ros2/install/restaurant_world/share/restaurant_world/models/table/model.sdf
[0.652s] -- Installing: /home/jao/Desktop/ITDS331_ROS2_FINAL_EXAM_MODULE/ros2/install/restaurant_world/share/restaurant_world/models/table/model.config
[0.652s] -- Installing: /home/jao/Desktop/ITDS331_ROS2_FINAL_EXAM_MODULE/ros2/install/restaurant_world/share/restaurant_world/models/chair
[0.652s] -- Installing: /home/jao/Desktop/ITDS331_ROS2_FINAL_EXAM_MODULE/ros2/install/restaurant_world/share/restaurant_world/models/chair/model.sdf
[0.652s] -- Installing: /home/jao/Desktop/ITDS331_ROS2_FINAL_EXAM_MODULE/ros2/install/restaurant_world/share/restaurant_world/models/chair/model.config
[0.652s] -- Installing: /home/jao/Desktop/ITDS331_ROS2_FINAL_EXAM_MODULE/ros2/install/restaurant_world/share/restaurant_world/maps
[0.652s] -- Installing: /home/jao/Desktop/ITDS331_ROS2_FINAL_EXAM_MODULE/ros2/install/restaurant_world/share/restaurant_world/maps/restaurant_map.yaml
[0.652s] -- Installing: /home/jao/Desktop/ITDS331_ROS2_FINAL_EXAM_MODULE/ros2/install/restaurant_world/share/restaurant_world/maps/restaurant_map.pgm
[0.653s] -- Installing: /home/jao/Desktop/ITDS331_ROS2_FINAL_EXAM_MODULE/ros2/install/restaurant_world/share/ament_index/resource_index/package_run_dependencies/restaurant_world
[0.653s] -- Installing: /home/jao/Desktop/ITDS331_ROS2_FINAL_EXAM_MODULE/ros2/install/restaurant_world/share/ament_index/resource_index/parent_prefix_path/restaurant_world
[0.653s] -- Installing: /home/jao/Desktop/ITDS331_ROS2_FINAL_EXAM_MODULE/ros2/install/restaurant_world/share/restaurant_world/environment/ament_prefix_path.sh
[0.653s] -- Installing: /home/jao/Desktop/ITDS331_ROS2_FINAL_EXAM_MODULE/ros2/install/restaurant_world/share/restaurant_world/environment/ament_prefix_path.dsv
[0.653s] -- Installing: /home/jao/Desktop/ITDS331_ROS2_FINAL_EXAM_MODULE/ros2/install/restaurant_world/share/restaurant_world/environment/path.sh
[0.653s] -- Installing: /home/jao/Desktop/ITDS331_ROS2_FINAL_EXAM_MODULE/ros2/install/restaurant_world/share/restaurant_world/environment/path.dsv
[0.653s] -- Installing: /home/jao/Desktop/ITDS331_ROS2_FINAL_EXAM_MODULE/ros2/install/restaurant_world/share/restaurant_world/local_setup.bash
[0.653s] -- Installing: /home/jao/Desktop/ITDS331_ROS2_FINAL_EXAM_MODULE/ros2/install/restaurant_world/share/restaurant_world/local_setup.sh
[0.653s] -- Installing: /home/jao/Desktop/ITDS331_ROS2_FINAL_EXAM_MODULE/ros2/install/restaurant_world/share/restaurant_world/local_setup.zsh
[0.653s] -- Installing: /home/jao/Desktop/ITDS331_ROS2_FINAL_EXAM_MODULE/ros2/install/restaurant_world/share/restaurant_world/local_setup.dsv
[0.654s] -- Installing: /home/jao/Desktop/ITDS331_ROS2_FINAL_EXAM_MODULE/ros2/install/restaurant_world/share/restaurant_world/package.dsv
[0.654s] -- Installing: /home/jao/Desktop/ITDS331_ROS2_FINAL_EXAM_MODULE/ros2/install/restaurant_world/share/ament_index/resource_index/packages/restaurant_world
[0.654s] -- Installing: /home/jao/Desktop/ITDS331_ROS2_FINAL_EXAM_MODULE/ros2/install/restaurant_world/share/restaurant_world/cmake/restaurant_worldConfig.cmake
[0.654s] -- Installing: /home/jao/Desktop/ITDS331_ROS2_FINAL_EXAM_MODULE/ros2/install/restaurant_world/share/restaurant_world/cmake/restaurant_worldConfig-version.cmake
[0.654s] -- Installing: /home/jao/Desktop/ITDS331_ROS2_FINAL_EXAM_MODULE/ros2/install/restaurant_world/share/restaurant_world/package.xml
[0.655s] Invoked command in '/home/jao/Desktop/ITDS331_ROS2_FINAL_EXAM_MODULE/ros2/build/restaurant_world' returned '0': DEBUGINFOD_URLS=https://debuginfod.ubuntu.com /usr/bin/cmake --install /home/jao/Desktop/ITDS331_ROS2_FINAL_EXAM_MODULE/ros2/build/restaurant_world
