[0.007s] Invoking command in '/home/jao/Desktop/ITDS331_ROS2_FINAL_EXAM_MODULE/ros2/build/restaurant_world': CMAKE_PREFIX_PATH=/home/jao/Desktop/ITDS331_ROS2_FINAL_EXAM_MODULE/ros2/install/restaurant_robot:/opt/ros/jazzy:${CMAKE_PREFIX_PATH} DEBUGINFOD_URLS=https://debuginfod.ubuntu.com /usr/bin/cmake /home/jao/Desktop/ITDS331_ROS2_FINAL_EXAM_MODULE/ros2/src/restaurant_world -DCMAKE_INSTALL_PREFIX=/home/jao/Desktop/ITDS331_ROS2_FINAL_EXAM_MODULE/ros2/install/restaurant_world
[0.017s] -- Found ament_cmake: 2.5.4 (/opt/ros/jazzy/share/ament_cmake/cmake)
[0.148s] -- Override CMake install command with custom implementation using symlinks instead of copying resources
[0.205s] -- Configuring done (0.2s)
[0.207s] -- Generating done (0.0s)
[0.209s] -- Build files have been written to: /home/jao/Desktop/ITDS331_ROS2_FINAL_EXAM_MODULE/ros2/build/restaurant_world
[0.212s] Invoked command in '/home/jao/Desktop/ITDS331_ROS2_FINAL_EXAM_MODULE/ros2/build/restaurant_world' returned '0': CMAKE_PREFIX_PATH=/home/jao/Desktop/ITDS331_ROS2_FINAL_EXAM_MODULE/ros2/install/restaurant_robot:/opt/ros/jazzy:${CMAKE_PREFIX_PATH} DEBUGINFOD_URLS=https://debuginfod.ubuntu.com /usr/bin/cmake /home/jao/Desktop/ITDS331_ROS2_FINAL_EXAM_MODULE/ros2/src/restaurant_world -DCMAKE_INSTALL_PREFIX=/home/jao/Desktop/ITDS331_ROS2_FINAL_EXAM_MODULE/ros2/install/restaurant_world
[0.213s] Invoking command in '/home/jao/Desktop/ITDS331_ROS2_FINAL_EXAM_MODULE/ros2/build/restaurant_world': CMAKE_PREFIX_PATH=/home/jao/Desktop/ITDS331_ROS2_FINAL_EXAM_MODULE/ros2/install/restaurant_robot:/opt/ros/jazzy:${CMAKE_PREFIX_PATH} DEBUGINFOD_URLS=https://debuginfod.ubuntu.com /usr/bin/cmake --build /home/jao/Desktop/ITDS331_ROS2_FINAL_EXAM_MODULE/ros2/build/restaurant_world -- -j32 -l32
[0.248s] Invoked command in '/home/jao/Desktop/ITDS331_ROS2_FINAL_EXAM_MODULE/ros2/build/restaurant_world' returned '0': CMAKE_PREFIX_PATH=/home/jao/Desktop/ITDS331_ROS2_FINAL_EXAM_MODULE/ros2/install/restaurant_robot:/opt/ros/jazzy:${CMAKE_PREFIX_PATH} DEBUGINFOD_URLS=https://debuginfod.ubuntu.com /usr/bin/cmake --build /home/jao/Desktop/ITDS331_ROS2_FINAL_EXAM_MODULE/ros2/build/restaurant_world -- -j32 -l32
[0.256s] Invoking command in '/home/jao/Desktop/ITDS331_ROS2_FINAL_EXAM_MODULE/ros2/build/restaurant_world': CMAKE_PREFIX_PATH=/home/jao/Desktop/ITDS331_ROS2_FINAL_EXAM_MODULE/ros2/install/restaurant_robot:/opt/ros/jazzy:${CMAKE_PREFIX_PATH} DEBUGINFOD_URLS=https://debuginfod.ubuntu.com /usr/bin/cmake --install /home/jao/Desktop/ITDS331_ROS2_FINAL_EXAM_MODULE/ros2/build/restaurant_world
[0.263s] -- Install configuration: ""
[0.263s] -- Execute custom install script
[0.263s] -- Up-to-date symlink: /home/jao/Desktop/ITDS331_ROS2_FINAL_EXAM_MODULE/ros2/install/restaurant_world/share/restaurant_world//launch/restaurant_world.launch.py
[0.263s] -- Up-to-date symlink: /home/jao/Desktop/ITDS331_ROS2_FINAL_EXAM_MODULE/ros2/install/restaurant_world/share/restaurant_world//worlds/restaurant.world
[0.264s] -- Up-to-date symlink: /home/jao/Desktop/ITDS331_ROS2_FINAL_EXAM_MODULE/ros2/install/restaurant_world/share/restaurant_world//models/chair/model.config
[0.264s] -- Up-to-date symlink: /home/jao/Desktop/ITDS331_ROS2_FINAL_EXAM_MODULE/ros2/install/restaurant_world/share/restaurant_world//models/chair/model.sdf
[0.264s] -- Up-to-date symlink: /home/jao/Desktop/ITDS331_ROS2_FINAL_EXAM_MODULE/ros2/install/restaurant_world/share/restaurant_world//models/plant_pot/model.config
[0.264s] -- Up-to-date symlink: /home/jao/Desktop/ITDS331_ROS2_FINAL_EXAM_MODULE/ros2/install/restaurant_world/share/restaurant_world//models/plant_pot/model.sdf
[0.264s] -- Up-to-date symlink: /home/jao/Desktop/ITDS331_ROS2_FINAL_EXAM_MODULE/ros2/install/restaurant_world/share/restaurant_world//models/table/model.config
[0.264s] -- Up-to-date symlink: /home/jao/Desktop/ITDS331_ROS2_FINAL_EXAM_MODULE/ros2/install/restaurant_world/share/restaurant_world//models/table/model.sdf
[0.264s] -- Up-to-date symlink: /home/jao/Desktop/ITDS331_ROS2_FINAL_EXAM_MODULE/ros2/install/restaurant_world/share/restaurant_world//maps/restaurant_map.pgm
[0.264s] -- Up-to-date symlink: /home/jao/Desktop/ITDS331_ROS2_FINAL_EXAM_MODULE/ros2/install/restaurant_world/share/restaurant_world//maps/restaurant_map.yaml
[0.264s] -- Up-to-date symlink: /home/jao/Desktop/ITDS331_ROS2_FINAL_EXAM_MODULE/ros2/install/restaurant_world/share/ament_index/resource_index/package_run_dependencies/restaurant_world
[0.264s] -- Up-to-date symlink: /home/jao/Desktop/ITDS331_ROS2_FINAL_EXAM_MODULE/ros2/install/restaurant_world/share/ament_index/resource_index/parent_prefix_path/restaurant_world
[0.264s] -- Up-to-date symlink: /home/jao/Desktop/ITDS331_ROS2_FINAL_EXAM_MODULE/ros2/install/restaurant_world/share/restaurant_world/environment/ament_prefix_path.sh
[0.265s] -- Up-to-date symlink: /home/jao/Desktop/ITDS331_ROS2_FINAL_EXAM_MODULE/ros2/install/restaurant_world/share/restaurant_world/environment/ament_prefix_path.dsv
[0.265s] -- Up-to-date symlink: /home/jao/Desktop/ITDS331_ROS2_FINAL_EXAM_MODULE/ros2/install/restaurant_world/share/restaurant_world/environment/path.sh
[0.265s] -- Up-to-date symlink: /home/jao/Desktop/ITDS331_ROS2_FINAL_EXAM_MODULE/ros2/install/restaurant_world/share/restaurant_world/environment/path.dsv
[0.265s] -- Up-to-date symlink: /home/jao/Desktop/ITDS331_ROS2_FINAL_EXAM_MODULE/ros2/install/restaurant_world/share/restaurant_world/local_setup.bash
[0.265s] -- Up-to-date symlink: /home/jao/Desktop/ITDS331_ROS2_FINAL_EXAM_MODULE/ros2/install/restaurant_world/share/restaurant_world/local_setup.sh
[0.265s] -- Up-to-date symlink: /home/jao/Desktop/ITDS331_ROS2_FINAL_EXAM_MODULE/ros2/install/restaurant_world/share/restaurant_world/local_setup.zsh
[0.265s] -- Up-to-date symlink: /home/jao/Desktop/ITDS331_ROS2_FINAL_EXAM_MODULE/ros2/install/restaurant_world/share/restaurant_world/local_setup.dsv
[0.265s] -- Symlinking: /home/jao/Desktop/ITDS331_ROS2_FINAL_EXAM_MODULE/ros2/install/restaurant_world/share/restaurant_world/package.dsv
[0.274s] -- Up-to-date symlink: /home/jao/Desktop/ITDS331_ROS2_FINAL_EXAM_MODULE/ros2/install/restaurant_world/share/ament_index/resource_index/packages/restaurant_world
[0.274s] -- Up-to-date symlink: /home/jao/Desktop/ITDS331_ROS2_FINAL_EXAM_MODULE/ros2/install/restaurant_world/share/restaurant_world/cmake/restaurant_worldConfig.cmake
[0.274s] -- Up-to-date symlink: /home/jao/Desktop/ITDS331_ROS2_FINAL_EXAM_MODULE/ros2/install/restaurant_world/share/restaurant_world/cmake/restaurant_worldConfig-version.cmake
[0.274s] -- Up-to-date symlink: /home/jao/Desktop/ITDS331_ROS2_FINAL_EXAM_MODULE/ros2/install/restaurant_world/share/restaurant_world/package.xml
[0.275s] Invoked command in '/home/jao/Desktop/ITDS331_ROS2_FINAL_EXAM_MODULE/ros2/build/restaurant_world' returned '0': CMAKE_PREFIX_PATH=/home/jao/Desktop/ITDS331_ROS2_FINAL_EXAM_MODULE/ros2/install/restaurant_robot:/opt/ros/jazzy:${CMAKE_PREFIX_PATH} DEBUGINFOD_URLS=https://debuginfod.ubuntu.com /usr/bin/cmake --install /home/jao/Desktop/ITDS331_ROS2_FINAL_EXAM_MODULE/ros2/build/restaurant_world
