[0.089s] Invoking command in '/home/jao/Desktop/ITDS331_ROS2_FINAL_EXAM_MODULE/build/restaurant_world': DEBUGINFOD_URLS=https://debuginfod.ubuntu.com /usr/bin/cmake /home/jao/Desktop/ITDS331_ROS2_FINAL_EXAM_MODULE/ros2/src/restaurant_world -DCATKIN_INSTALL_INTO_PREFIX_ROOT=0 -DCMAKE_INSTALL_PREFIX=/home/jao/Desktop/ITDS331_ROS2_FINAL_EXAM_MODULE/install/restaurant_world
[0.104s] [31mCMake Error at CMakeLists.txt:3 (find_package):
[0.104s]   By not providing "Findament_cmake.cmake" in CMAKE_MODULE_PATH this project
[0.104s]   has asked CMake to find a package configuration file provided by
[0.105s]   "ament_cmake", but CMake did not find one.
[0.105s] 
[0.105s]   Could not find a package configuration file provided by "ament_cmake" with
[0.105s]   any of the following names:
[0.105s] 
[0.105s]     ament_cmakeConfig.cmake
[0.105s]     ament_cmake-config.cmake
[0.105s] 
[0.105s]   Add the installation prefix of "ament_cmake" to CMAKE_PREFIX_PATH or set
[0.105s]   "ament_cmake_DIR" to a directory containing one of the above files.  If
[0.105s]   "ament_cmake" provides a separate development package or SDK, be sure it
[0.105s]   has been installed.
[0.105s] 
[0.105s] [0m
[0.105s] -- Configuring incomplete, errors occurred!
[0.106s] Invoked command in '/home/jao/Desktop/ITDS331_ROS2_FINAL_EXAM_MODULE/build/restaurant_world' returned '1': DEBUGINFOD_URLS=https://debuginfod.ubuntu.com /usr/bin/cmake /home/jao/Desktop/ITDS331_ROS2_FINAL_EXAM_MODULE/ros2/src/restaurant_world -DCATKIN_INSTALL_INTO_PREFIX_ROOT=0 -DCMAKE_INSTALL_PREFIX=/home/jao/Desktop/ITDS331_ROS2_FINAL_EXAM_MODULE/install/restaurant_world
