[0.455s] Invoking command in '/home/jao/Desktop/ITDS331_ROS2_FINAL_EXAM_MODULE/build/restaurant_robot': DEBUGINFOD_URLS=https://debuginfod.ubuntu.com PYTHONPATH=/home/jao/Desktop/ITDS331_ROS2_FINAL_EXAM_MODULE/build/restaurant_robot/prefix_override:/usr/lib/python3/dist-packages/colcon_core/task/python/colcon_distutils_commands:/home/jao/Desktop/ITDS331_ROS2_FINAL_EXAM_MODULE/install/restaurant_robot/lib/python3.12/site-packages:${PYTHONPATH} /usr/bin/python3 -W ignore:setup.py install is deprecated -W ignore:easy_install command is deprecated setup.py develop --uninstall --editable --build-directory /home/jao/Desktop/ITDS331_ROS2_FINAL_EXAM_MODULE/build/restaurant_robot/build
[0.631s] running develop
[0.744s] Removing /home/jao/Desktop/ITDS331_ROS2_FINAL_EXAM_MODULE/install/restaurant_robot/lib/python3.12/site-packages/restaurant-robot.egg-link (link to .)
[0.763s] Invoked command in '/home/jao/Desktop/ITDS331_ROS2_FINAL_EXAM_MODULE/build/restaurant_robot' returned '0': DEBUGINFOD_URLS=https://debuginfod.ubuntu.com PYTHONPATH=/home/jao/Desktop/ITDS331_ROS2_FINAL_EXAM_MODULE/build/restaurant_robot/prefix_override:/usr/lib/python3/dist-packages/colcon_core/task/python/colcon_distutils_commands:/home/jao/Desktop/ITDS331_ROS2_FINAL_EXAM_MODULE/install/restaurant_robot/lib/python3.12/site-packages:${PYTHONPATH} /usr/bin/python3 -W ignore:setup.py install is deprecated -W ignore:easy_install command is deprecated setup.py develop --uninstall --editable --build-directory /home/jao/Desktop/ITDS331_ROS2_FINAL_EXAM_MODULE/build/restaurant_robot/build
[0.763s] Invoking command in '/home/jao/Desktop/ITDS331_ROS2_FINAL_EXAM_MODULE/ros2/src/restaurant_robot': DEBUGINFOD_URLS=https://debuginfod.ubuntu.com PYTHONPATH=/home/jao/Desktop/ITDS331_ROS2_FINAL_EXAM_MODULE/build/restaurant_robot/prefix_override:/usr/lib/python3/dist-packages/colcon_core/task/python/colcon_distutils_commands:/home/jao/Desktop/ITDS331_ROS2_FINAL_EXAM_MODULE/install/restaurant_robot/lib/python3.12/site-packages:${PYTHONPATH} /usr/bin/python3 -W ignore:setup.py install is deprecated -W ignore:easy_install command is deprecated setup.py egg_info --egg-base ../../../build/restaurant_robot build --build-base /home/jao/Desktop/ITDS331_ROS2_FINAL_EXAM_MODULE/build/restaurant_robot/build install --record /home/jao/Desktop/ITDS331_ROS2_FINAL_EXAM_MODULE/build/restaurant_robot/install.log --single-version-externally-managed install_data --force
[0.909s] running egg_info
[0.920s] writing ../../../build/restaurant_robot/restaurant_robot.egg-info/PKG-INFO
[0.920s] writing dependency_links to ../../../build/restaurant_robot/restaurant_robot.egg-info/dependency_links.txt
[0.920s] writing entry points to ../../../build/restaurant_robot/restaurant_robot.egg-info/entry_points.txt
[0.920s] writing requirements to ../../../build/restaurant_robot/restaurant_robot.egg-info/requires.txt
[0.920s] writing top-level names to ../../../build/restaurant_robot/restaurant_robot.egg-info/top_level.txt
[0.941s] reading manifest file '../../../build/restaurant_robot/restaurant_robot.egg-info/SOURCES.txt'
[0.942s] writing manifest file '../../../build/restaurant_robot/restaurant_robot.egg-info/SOURCES.txt'
[0.942s] running build
[0.942s] running build_py
[0.942s] running install
[0.946s] running install_lib
[0.956s] creating /home/jao/Desktop/ITDS331_ROS2_FINAL_EXAM_MODULE/install/restaurant_robot/lib/python3.12/site-packages/restaurant_robot
[0.957s] copying /home/jao/Desktop/ITDS331_ROS2_FINAL_EXAM_MODULE/build/restaurant_robot/build/lib/restaurant_robot/order_server.py -> /home/jao/Desktop/ITDS331_ROS2_FINAL_EXAM_MODULE/install/restaurant_robot/lib/python3.12/site-packages/restaurant_robot
[0.957s] copying /home/jao/Desktop/ITDS331_ROS2_FINAL_EXAM_MODULE/build/restaurant_robot/build/lib/restaurant_robot/__init__.py -> /home/jao/Desktop/ITDS331_ROS2_FINAL_EXAM_MODULE/install/restaurant_robot/lib/python3.12/site-packages/restaurant_robot
[0.957s] byte-compiling /home/jao/Desktop/ITDS331_ROS2_FINAL_EXAM_MODULE/install/restaurant_robot/lib/python3.12/site-packages/restaurant_robot/order_server.py to order_server.cpython-312.pyc
[0.957s] byte-compiling /home/jao/Desktop/ITDS331_ROS2_FINAL_EXAM_MODULE/install/restaurant_robot/lib/python3.12/site-packages/restaurant_robot/__init__.py to __init__.cpython-312.pyc
[0.957s] running install_data
[0.957s] copying resource/restaurant_robot -> /home/jao/Desktop/ITDS331_ROS2_FINAL_EXAM_MODULE/install/restaurant_robot/share/ament_index/resource_index/packages
[0.958s] copying package.xml -> /home/jao/Desktop/ITDS331_ROS2_FINAL_EXAM_MODULE/install/restaurant_robot/share/restaurant_robot
[0.958s] copying launch/online_async_launch.py -> /home/jao/Desktop/ITDS331_ROS2_FINAL_EXAM_MODULE/install/restaurant_robot/share/restaurant_robot/launch
[0.958s] copying config/mapper_params_online_async.yaml -> /home/jao/Desktop/ITDS331_ROS2_FINAL_EXAM_MODULE/install/restaurant_robot/share/restaurant_robot/config
[0.958s] copying config/slam.rviz -> /home/jao/Desktop/ITDS331_ROS2_FINAL_EXAM_MODULE/install/restaurant_robot/share/restaurant_robot/config
[0.958s] running install_egg_info
[0.969s] Copying ../../../build/restaurant_robot/restaurant_robot.egg-info to /home/jao/Desktop/ITDS331_ROS2_FINAL_EXAM_MODULE/install/restaurant_robot/lib/python3.12/site-packages/restaurant_robot-0.0.0-py3.12.egg-info
[0.970s] running install_scripts
[1.045s] Installing order_server script to /home/jao/Desktop/ITDS331_ROS2_FINAL_EXAM_MODULE/install/restaurant_robot/lib/restaurant_robot
[1.045s] writing list of installed files to '/home/jao/Desktop/ITDS331_ROS2_FINAL_EXAM_MODULE/build/restaurant_robot/install.log'
[1.066s] Invoked command in '/home/jao/Desktop/ITDS331_ROS2_FINAL_EXAM_MODULE/ros2/src/restaurant_robot' returned '0': DEBUGINFOD_URLS=https://debuginfod.ubuntu.com PYTHONPATH=/home/jao/Desktop/ITDS331_ROS2_FINAL_EXAM_MODULE/build/restaurant_robot/prefix_override:/usr/lib/python3/dist-packages/colcon_core/task/python/colcon_distutils_commands:/home/jao/Desktop/ITDS331_ROS2_FINAL_EXAM_MODULE/install/restaurant_robot/lib/python3.12/site-packages:${PYTHONPATH} /usr/bin/python3 -W ignore:setup.py install is deprecated -W ignore:easy_install command is deprecated setup.py egg_info --egg-base ../../../build/restaurant_robot build --build-base /home/jao/Desktop/ITDS331_ROS2_FINAL_EXAM_MODULE/build/restaurant_robot/build install --record /home/jao/Desktop/ITDS331_ROS2_FINAL_EXAM_MODULE/build/restaurant_robot/install.log --single-version-externally-managed install_data --force
