-- Found ament_cmake: 2.5.4 (/opt/ros/jazzy/share/ament_cmake/cmake)
-- Override CMake install command with custom implementation using symlinks instead of copying resources
-- Configuring done (0.2s)
-- Generating done (0.0s)
-- Build files have been written to: /home/jao/Desktop/ITDS331_ROS2_FINAL_EXAM_MODULE/build/restaurant_world
-- Install configuration: ""
-- Execute custom install script
-- Symlinking: /home/jao/Desktop/ITDS331_ROS2_FINAL_EXAM_MODULE/install/restaurant_world/share/restaurant_world//launch/restaurant_world.launch.py
-- Symlinking: /home/jao/Desktop/ITDS331_ROS2_FINAL_EXAM_MODULE/install/restaurant_world/share/restaurant_world//worlds/restaurant.world
-- Symlinking: /home/jao/Desktop/ITDS331_ROS2_FINAL_EXAM_MODULE/install/restaurant_world/share/restaurant_world//models/chair/model.config
-- Symlinking: /home/jao/Desktop/ITDS331_ROS2_FINAL_EXAM_MODULE/install/restaurant_world/share/restaurant_world//models/chair/model.sdf
-- Symlinking: /home/jao/Desktop/ITDS331_ROS2_FINAL_EXAM_MODULE/install/restaurant_world/share/restaurant_world//models/plant_pot/model.config
-- Symlinking: /home/jao/Desktop/ITDS331_ROS2_FINAL_EXAM_MODULE/install/restaurant_world/share/restaurant_world//models/plant_pot/model.sdf
-- Symlinking: /home/jao/Desktop/ITDS331_ROS2_FINAL_EXAM_MODULE/install/restaurant_world/share/restaurant_world//models/table/model.config
-- Symlinking: /home/jao/Desktop/ITDS331_ROS2_FINAL_EXAM_MODULE/install/restaurant_world/share/restaurant_world//models/table/model.sdf
-- Symlinking: /home/jao/Desktop/ITDS331_ROS2_FINAL_EXAM_MODULE/install/restaurant_world/share/restaurant_world//maps/restaurant_map.pgm
-- Symlinking: /home/jao/Desktop/ITDS331_ROS2_FINAL_EXAM_MODULE/install/restaurant_world/share/restaurant_world//maps/restaurant_map.yaml
-- Symlinking: /home/jao/Desktop/ITDS331_ROS2_FINAL_EXAM_MODULE/install/restaurant_world/share/ament_index/resource_index/package_run_dependencies/restaurant_world
-- Symlinking: /home/jao/Desktop/ITDS331_ROS2_FINAL_EXAM_MODULE/install/restaurant_world/share/ament_index/resource_index/parent_prefix_path/restaurant_world
-- Symlinking: /home/jao/Desktop/ITDS331_ROS2_FINAL_EXAM_MODULE/install/restaurant_world/share/restaurant_world/environment/ament_prefix_path.sh
-- Symlinking: /home/jao/Desktop/ITDS331_ROS2_FINAL_EXAM_MODULE/install/restaurant_world/share/restaurant_world/environment/ament_prefix_path.dsv
-- Symlinking: /home/jao/Desktop/ITDS331_ROS2_FINAL_EXAM_MODULE/install/restaurant_world/share/restaurant_world/environment/path.sh
-- Symlinking: /home/jao/Desktop/ITDS331_ROS2_FINAL_EXAM_MODULE/install/restaurant_world/share/restaurant_world/environment/path.dsv
-- Symlinking: /home/jao/Desktop/ITDS331_ROS2_FINAL_EXAM_MODULE/install/restaurant_world/share/restaurant_world/local_setup.bash
-- Symlinking: /home/jao/Desktop/ITDS331_ROS2_FINAL_EXAM_MODULE/install/restaurant_world/share/restaurant_world/local_setup.sh
-- Symlinking: /home/jao/Desktop/ITDS331_ROS2_FINAL_EXAM_MODULE/install/restaurant_world/share/restaurant_world/local_setup.zsh
-- Symlinking: /home/jao/Desktop/ITDS331_ROS2_FINAL_EXAM_MODULE/install/restaurant_world/share/restaurant_world/local_setup.dsv
-- Symlinking: /home/jao/Desktop/ITDS331_ROS2_FINAL_EXAM_MODULE/install/restaurant_world/share/restaurant_world/package.dsv
-- Symlinking: /home/jao/Desktop/ITDS331_ROS2_FINAL_EXAM_MODULE/install/restaurant_world/share/ament_index/resource_index/packages/restaurant_world
-- Symlinking: /home/jao/Desktop/ITDS331_ROS2_FINAL_EXAM_MODULE/install/restaurant_world/share/restaurant_world/cmake/restaurant_worldConfig.cmake
-- Symlinking: /home/jao/Desktop/ITDS331_ROS2_FINAL_EXAM_MODULE/install/restaurant_world/share/restaurant_world/cmake/restaurant_worldConfig-version.cmake
-- Symlinking: /home/jao/Desktop/ITDS331_ROS2_FINAL_EXAM_MODULE/install/restaurant_world/share/restaurant_world/package.xml
