[0.112s] Invoking command in '/home/jao/Desktop/ITDS331_ROS2_FINAL_EXAM_MODULE/build/restaurant_world': DEBUGINFOD_URLS=https://debuginfod.ubuntu.com /usr/bin/cmake /home/jao/Desktop/ITDS331_ROS2_FINAL_EXAM_MODULE/ros2/src/restaurant_world -DCATKIN_INSTALL_INTO_PREFIX_ROOT=0 -DCMAKE_INSTALL_PREFIX=/home/jao/Desktop/ITDS331_ROS2_FINAL_EXAM_MODULE/install/restaurant_world
[0.127s] -- Found ament_cmake: 2.5.4 (/opt/ros/jazzy/share/ament_cmake/cmake)
[0.225s] -- Found Python3: /usr/bin/python3 (found version "3.12.3") found components: Interpreter 
[0.366s] -- Configuring done (0.2s)
[0.368s] -- Generating done (0.0s)
[0.368s] -- Build files have been written to: /home/jao/Desktop/ITDS331_ROS2_FINAL_EXAM_MODULE/build/restaurant_world
[0.371s] Invoked command in '/home/jao/Desktop/ITDS331_ROS2_FINAL_EXAM_MODULE/build/restaurant_world' returned '0': DEBUGINFOD_URLS=https://debuginfod.ubuntu.com /usr/bin/cmake /home/jao/Desktop/ITDS331_ROS2_FINAL_EXAM_MODULE/ros2/src/restaurant_world -DCATKIN_INSTALL_INTO_PREFIX_ROOT=0 -DCMAKE_INSTALL_PREFIX=/home/jao/Desktop/ITDS331_ROS2_FINAL_EXAM_MODULE/install/restaurant_world
[0.372s] Invoking command in '/home/jao/Desktop/ITDS331_ROS2_FINAL_EXAM_MODULE/build/restaurant_world': DEBUGINFOD_URLS=https://debuginfod.ubuntu.com /usr/bin/cmake --build /home/jao/Desktop/ITDS331_ROS2_FINAL_EXAM_MODULE/build/restaurant_world -- -j32 -l32
[0.400s] Invoked command in '/home/jao/Desktop/ITDS331_ROS2_FINAL_EXAM_MODULE/build/restaurant_world' returned '0': DEBUGINFOD_URLS=https://debuginfod.ubuntu.com /usr/bin/cmake --build /home/jao/Desktop/ITDS331_ROS2_FINAL_EXAM_MODULE/build/restaurant_world -- -j32 -l32
[0.406s] Invoking command in '/home/jao/Desktop/ITDS331_ROS2_FINAL_EXAM_MODULE/build/restaurant_world': DEBUGINFOD_URLS=https://debuginfod.ubuntu.com /usr/bin/cmake --install /home/jao/Desktop/ITDS331_ROS2_FINAL_EXAM_MODULE/build/restaurant_world
[0.411s] -- Install configuration: ""
[0.411s] -- Installing: /home/jao/Desktop/ITDS331_ROS2_FINAL_EXAM_MODULE/install/restaurant_world/share/restaurant_world/worlds
[0.411s] -- Installing: /home/jao/Desktop/ITDS331_ROS2_FINAL_EXAM_MODULE/install/restaurant_world/share/restaurant_world/worlds/restaurant.world
[0.411s] -- Installing: /home/jao/Desktop/ITDS331_ROS2_FINAL_EXAM_MODULE/install/restaurant_world/share/restaurant_world/models
[0.411s] -- Installing: /home/jao/Desktop/ITDS331_ROS2_FINAL_EXAM_MODULE/install/restaurant_world/share/restaurant_world/models/plant_pot
[0.411s] -- Installing: /home/jao/Desktop/ITDS331_ROS2_FINAL_EXAM_MODULE/install/restaurant_world/share/restaurant_world/models/plant_pot/model.sdf
[0.411s] -- Installing: /home/jao/Desktop/ITDS331_ROS2_FINAL_EXAM_MODULE/install/restaurant_world/share/restaurant_world/models/plant_pot/model.config
[0.411s] -- Installing: /home/jao/Desktop/ITDS331_ROS2_FINAL_EXAM_MODULE/install/restaurant_world/share/restaurant_world/models/table
[0.411s] -- Installing: /home/jao/Desktop/ITDS331_ROS2_FINAL_EXAM_MODULE/install/restaurant_world/share/restaurant_world/models/table/model.sdf
[0.411s] -- Installing: /home/jao/Desktop/ITDS331_ROS2_FINAL_EXAM_MODULE/install/restaurant_world/share/restaurant_world/models/table/model.config
[0.411s] -- Installing: /home/jao/Desktop/ITDS331_ROS2_FINAL_EXAM_MODULE/install/restaurant_world/share/restaurant_world/models/chair
[0.412s] -- Installing: /home/jao/Desktop/ITDS331_ROS2_FINAL_EXAM_MODULE/install/restaurant_world/share/restaurant_world/models/chair/model.sdf
[0.412s] -- Installing: /home/jao/Desktop/ITDS331_ROS2_FINAL_EXAM_MODULE/install/restaurant_world/share/restaurant_world/models/chair/model.config
[0.412s] -- Installing: /home/jao/Desktop/ITDS331_ROS2_FINAL_EXAM_MODULE/install/restaurant_world/share/restaurant_world/launch
[0.412s] -- Installing: /home/jao/Desktop/ITDS331_ROS2_FINAL_EXAM_MODULE/install/restaurant_world/share/restaurant_world/launch/restaurant_world.launch.py
[0.412s] -- Installing: /home/jao/Desktop/ITDS331_ROS2_FINAL_EXAM_MODULE/install/restaurant_world/share/restaurant_world/maps
[0.412s] -- Installing: /home/jao/Desktop/ITDS331_ROS2_FINAL_EXAM_MODULE/install/restaurant_world/share/restaurant_world/maps/restaurant_map.yaml
[0.412s] -- Installing: /home/jao/Desktop/ITDS331_ROS2_FINAL_EXAM_MODULE/install/restaurant_world/share/restaurant_world/maps/restaurant_map.pgm
[0.412s] -- Installing: /home/jao/Desktop/ITDS331_ROS2_FINAL_EXAM_MODULE/install/restaurant_world/share/ament_index/resource_index/package_run_dependencies/restaurant_world
[0.412s] -- Installing: /home/jao/Desktop/ITDS331_ROS2_FINAL_EXAM_MODULE/install/restaurant_world/share/ament_index/resource_index/parent_prefix_path/restaurant_world
[0.413s] -- Installing: /home/jao/Desktop/ITDS331_ROS2_FINAL_EXAM_MODULE/install/restaurant_world/share/restaurant_world/environment/ament_prefix_path.sh
[0.413s] -- Installing: /home/jao/Desktop/ITDS331_ROS2_FINAL_EXAM_MODULE/install/restaurant_world/share/restaurant_world/environment/ament_prefix_path.dsv
[0.413s] -- Installing: /home/jao/Desktop/ITDS331_ROS2_FINAL_EXAM_MODULE/install/restaurant_world/share/restaurant_world/environment/path.sh
[0.413s] -- Installing: /home/jao/Desktop/ITDS331_ROS2_FINAL_EXAM_MODULE/install/restaurant_world/share/restaurant_world/environment/path.dsv
[0.413s] -- Installing: /home/jao/Desktop/ITDS331_ROS2_FINAL_EXAM_MODULE/install/restaurant_world/share/restaurant_world/local_setup.bash
[0.413s] -- Installing: /home/jao/Desktop/ITDS331_ROS2_FINAL_EXAM_MODULE/install/restaurant_world/share/restaurant_world/local_setup.sh
[0.413s] -- Installing: /home/jao/Desktop/ITDS331_ROS2_FINAL_EXAM_MODULE/install/restaurant_world/share/restaurant_world/local_setup.zsh
[0.413s] -- Installing: /home/jao/Desktop/ITDS331_ROS2_FINAL_EXAM_MODULE/install/restaurant_world/share/restaurant_world/local_setup.dsv
[0.413s] -- Installing: /home/jao/Desktop/ITDS331_ROS2_FINAL_EXAM_MODULE/install/restaurant_world/share/restaurant_world/package.dsv
[0.413s] -- Installing: /home/jao/Desktop/ITDS331_ROS2_FINAL_EXAM_MODULE/install/restaurant_world/share/ament_index/resource_index/packages/restaurant_world
[0.414s] -- Installing: /home/jao/Desktop/ITDS331_ROS2_FINAL_EXAM_MODULE/install/restaurant_world/share/restaurant_world/cmake/restaurant_worldConfig.cmake
[0.414s] -- Installing: /home/jao/Desktop/ITDS331_ROS2_FINAL_EXAM_MODULE/install/restaurant_world/share/restaurant_world/cmake/restaurant_worldConfig-version.cmake
[0.414s] -- Installing: /home/jao/Desktop/ITDS331_ROS2_FINAL_EXAM_MODULE/install/restaurant_world/share/restaurant_world/package.xml
[0.415s] Invoked command in '/home/jao/Desktop/ITDS331_ROS2_FINAL_EXAM_MODULE/build/restaurant_world' returned '0': DEBUGINFOD_URLS=https://debuginfod.ubuntu.com /usr/bin/cmake --install /home/jao/Desktop/ITDS331_ROS2_FINAL_EXAM_MODULE/build/restaurant_world
