running egg_info
writing ../../../build/restaurant_robot/restaurant_robot.egg-info/PKG-INFO
writing dependency_links to ../../../build/restaurant_robot/restaurant_robot.egg-info/dependency_links.txt
writing entry points to ../../../build/restaurant_robot/restaurant_robot.egg-info/entry_points.txt
writing requirements to ../../../build/restaurant_robot/restaurant_robot.egg-info/requires.txt
writing top-level names to ../../../build/restaurant_robot/restaurant_robot.egg-info/top_level.txt
reading manifest file '../../../build/restaurant_robot/restaurant_robot.egg-info/SOURCES.txt'
writing manifest file '../../../build/restaurant_robot/restaurant_robot.egg-info/SOURCES.txt'
running build
running build_py
running install
running install_lib
running install_data
copying config/slam.rviz -> /home/jao/Desktop/ITDS331_ROS2_FINAL_EXAM_MODULE/install/restaurant_robot/share/restaurant_robot/config
running install_egg_info
removing '/home/jao/Desktop/ITDS331_ROS2_FINAL_EXAM_MODULE/install/restaurant_robot/lib/python3.12/site-packages/restaurant_robot-0.0.0-py3.12.egg-info' (and everything under it)
Copying ../../../build/restaurant_robot/restaurant_robot.egg-info to /home/jao/Desktop/ITDS331_ROS2_FINAL_EXAM_MODULE/install/restaurant_robot/lib/python3.12/site-packages/restaurant_robot-0.0.0-py3.12.egg-info
running install_scripts
Installing order_server script to /home/jao/Desktop/ITDS331_ROS2_FINAL_EXAM_MODULE/install/restaurant_robot/lib/restaurant_robot
writing list of installed files to '/home/jao/Desktop/ITDS331_ROS2_FINAL_EXAM_MODULE/build/restaurant_robot/install.log'
