-- Install configuration: ""
-- Execute custom install script
-- Up-to-date symlink: /home/jao/Desktop/ITDS331_ROS2_FINAL_EXAM_MODULE/install/restaurant_world/share/restaurant_world//launch/restaurant_world.launch.py
-- Up-to-date symlink: /home/jao/Desktop/ITDS331_ROS2_FINAL_EXAM_MODULE/install/restaurant_world/share/restaurant_world//worlds/restaurant.world
-- Up-to-date symlink: /home/jao/Desktop/ITDS331_ROS2_FINAL_EXAM_MODULE/install/restaurant_world/share/restaurant_world//models/chair/model.config
-- Up-to-date symlink: /home/jao/Desktop/ITDS331_ROS2_FINAL_EXAM_MODULE/install/restaurant_world/share/restaurant_world//models/chair/model.sdf
-- Up-to-date symlink: /home/jao/Desktop/ITDS331_ROS2_FINAL_EXAM_MODULE/install/restaurant_world/share/restaurant_world//models/plant_pot/model.config
-- Up-to-date symlink: /home/jao/Desktop/ITDS331_ROS2_FINAL_EXAM_MODULE/install/restaurant_world/share/restaurant_world//models/plant_pot/model.sdf
-- Up-to-date symlink: /home/jao/Desktop/ITDS331_ROS2_FINAL_EXAM_MODULE/install/restaurant_world/share/restaurant_world//models/table/model.config
-- Up-to-date symlink: /home/jao/Desktop/ITDS331_ROS2_FINAL_EXAM_MODULE/install/restaurant_world/share/restaurant_world//models/table/model.sdf
-- Up-to-date symlink: /home/jao/Desktop/ITDS331_ROS2_FINAL_EXAM_MODULE/install/restaurant_world/share/restaurant_world//models/turtlebot3_burger/model.sdf
-- Symlinking: /home/jao/Desktop/ITDS331_ROS2_FINAL_EXAM_MODULE/install/restaurant_world/share/restaurant_world//params/turtlebot3_burger_bridge.yaml
-- Up-to-date symlink: /home/jao/Desktop/ITDS331_ROS2_FINAL_EXAM_MODULE/install/restaurant_world/share/restaurant_world//maps/restaurant_map.pgm
-- Up-to-date symlink: /home/jao/Desktop/ITDS331_ROS2_FINAL_EXAM_MODULE/install/restaurant_world/share/restaurant_world//maps/restaurant_map.yaml
-- Up-to-date symlink: /home/jao/Desktop/ITDS331_ROS2_FINAL_EXAM_MODULE/install/restaurant_world/share/ament_index/resource_index/package_run_dependencies/restaurant_world
-- Up-to-date symlink: /home/jao/Desktop/ITDS331_ROS2_FINAL_EXAM_MODULE/install/restaurant_world/share/ament_index/resource_index/parent_prefix_path/restaurant_world
-- Up-to-date symlink: /home/jao/Desktop/ITDS331_ROS2_FINAL_EXAM_MODULE/install/restaurant_world/share/restaurant_world/environment/ament_prefix_path.sh
-- Up-to-date symlink: /home/jao/Desktop/ITDS331_ROS2_FINAL_EXAM_MODULE/install/restaurant_world/share/restaurant_world/environment/ament_prefix_path.dsv
-- Up-to-date symlink: /home/jao/Desktop/ITDS331_ROS2_FINAL_EXAM_MODULE/install/restaurant_world/share/restaurant_world/environment/path.sh
-- Up-to-date symlink: /home/jao/Desktop/ITDS331_ROS2_FINAL_EXAM_MODULE/install/restaurant_world/share/restaurant_world/environment/path.dsv
-- Up-to-date symlink: /home/jao/Desktop/ITDS331_ROS2_FINAL_EXAM_MODULE/install/restaurant_world/share/restaurant_world/local_setup.bash
-- Up-to-date symlink: /home/jao/Desktop/ITDS331_ROS2_FINAL_EXAM_MODULE/install/restaurant_world/share/restaurant_world/local_setup.sh
-- Up-to-date symlink: /home/jao/Desktop/ITDS331_ROS2_FINAL_EXAM_MODULE/install/restaurant_world/share/restaurant_world/local_setup.zsh
-- Up-to-date symlink: /home/jao/Desktop/ITDS331_ROS2_FINAL_EXAM_MODULE/install/restaurant_world/share/restaurant_world/local_setup.dsv
-- Symlinking: /home/jao/Desktop/ITDS331_ROS2_FINAL_EXAM_MODULE/install/restaurant_world/share/restaurant_world/package.dsv
-- Up-to-date symlink: /home/jao/Desktop/ITDS331_ROS2_FINAL_EXAM_MODULE/install/restaurant_world/share/ament_index/resource_index/packages/restaurant_world
-- Up-to-date symlink: /home/jao/Desktop/ITDS331_ROS2_FINAL_EXAM_MODULE/install/restaurant_world/share/restaurant_world/cmake/restaurant_worldConfig.cmake
-- Up-to-date symlink: /home/jao/Desktop/ITDS331_ROS2_FINAL_EXAM_MODULE/install/restaurant_world/share/restaurant_world/cmake/restaurant_worldConfig-version.cmake
-- Up-to-date symlink: /home/jao/Desktop/ITDS331_ROS2_FINAL_EXAM_MODULE/install/restaurant_world/share/restaurant_world/package.xml
