[0.447s] Invoking command in '/home/jao/Desktop/ITDS331_ROS2_FINAL_EXAM_MODULE/build/restaurant_robot': DEBUGINFOD_URLS=https://debuginfod.ubuntu.com PYTHONPATH=/home/jao/Desktop/ITDS331_ROS2_FINAL_EXAM_MODULE/build/restaurant_robot/prefix_override:/usr/lib/python3/dist-packages/colcon_core/task/python/colcon_distutils_commands:/home/jao/Desktop/ITDS331_ROS2_FINAL_EXAM_MODULE/install/restaurant_robot/lib/python3.12/site-packages:${PYTHONPATH} /usr/bin/python3 -W ignore:setup.py install is deprecated -W ignore:easy_install command is deprecated setup.py develop --editable --build-directory /home/jao/Desktop/ITDS331_ROS2_FINAL_EXAM_MODULE/build/restaurant_robot/build --no-deps symlink_data --force
[0.628s] running develop
[0.739s] running egg_info
[0.749s] writing restaurant_robot.egg-info/PKG-INFO
[0.749s] writing dependency_links to restaurant_robot.egg-info/dependency_links.txt
[0.749s] writing entry points to restaurant_robot.egg-info/entry_points.txt
[0.749s] writing requirements to restaurant_robot.egg-info/requires.txt
[0.749s] writing top-level names to restaurant_robot.egg-info/top_level.txt
[0.771s] reading manifest file 'restaurant_robot.egg-info/SOURCES.txt'
[0.771s] writing manifest file 'restaurant_robot.egg-info/SOURCES.txt'
[0.781s] running build_ext
[0.781s] Creating /home/jao/Desktop/ITDS331_ROS2_FINAL_EXAM_MODULE/install/restaurant_robot/lib/python3.12/site-packages/restaurant-robot.egg-link (link to .)
[0.782s] Installing order_server script to /home/jao/Desktop/ITDS331_ROS2_FINAL_EXAM_MODULE/install/restaurant_robot/lib/restaurant_robot
[0.782s] 
[0.782s] Installed /home/jao/Desktop/ITDS331_ROS2_FINAL_EXAM_MODULE/build/restaurant_robot
[0.782s] running symlink_data
[0.782s] symbolically linking /home/jao/Desktop/ITDS331_ROS2_FINAL_EXAM_MODULE/build/restaurant_robot/resource/restaurant_robot -> /home/jao/Desktop/ITDS331_ROS2_FINAL_EXAM_MODULE/install/restaurant_robot/share/ament_index/resource_index/packages
[0.782s] symbolically linking /home/jao/Desktop/ITDS331_ROS2_FINAL_EXAM_MODULE/build/restaurant_robot/package.xml -> /home/jao/Desktop/ITDS331_ROS2_FINAL_EXAM_MODULE/install/restaurant_robot/share/restaurant_robot
[0.782s] symbolically linking /home/jao/Desktop/ITDS331_ROS2_FINAL_EXAM_MODULE/build/restaurant_robot/launch/online_async_launch.py -> /home/jao/Desktop/ITDS331_ROS2_FINAL_EXAM_MODULE/install/restaurant_robot/share/restaurant_robot/launch
[0.782s] symbolically linking /home/jao/Desktop/ITDS331_ROS2_FINAL_EXAM_MODULE/build/restaurant_robot/config/mapper_params_online_async.yaml -> /home/jao/Desktop/ITDS331_ROS2_FINAL_EXAM_MODULE/install/restaurant_robot/share/restaurant_robot/config
[0.782s] symbolically linking /home/jao/Desktop/ITDS331_ROS2_FINAL_EXAM_MODULE/build/restaurant_robot/config/slam.rviz -> /home/jao/Desktop/ITDS331_ROS2_FINAL_EXAM_MODULE/install/restaurant_robot/share/restaurant_robot/config
[0.803s] Invoked command in '/home/jao/Desktop/ITDS331_ROS2_FINAL_EXAM_MODULE/build/restaurant_robot' returned '0': DEBUGINFOD_URLS=https://debuginfod.ubuntu.com PYTHONPATH=/home/jao/Desktop/ITDS331_ROS2_FINAL_EXAM_MODULE/build/restaurant_robot/prefix_override:/usr/lib/python3/dist-packages/colcon_core/task/python/colcon_distutils_commands:/home/jao/Desktop/ITDS331_ROS2_FINAL_EXAM_MODULE/install/restaurant_robot/lib/python3.12/site-packages:${PYTHONPATH} /usr/bin/python3 -W ignore:setup.py install is deprecated -W ignore:easy_install command is deprecated setup.py develop --editable --build-directory /home/jao/Desktop/ITDS331_ROS2_FINAL_EXAM_MODULE/build/restaurant_robot/build --no-deps symlink_data --force
