[0.076s] DEBUG:colcon:Command line arguments: ['/usr/bin/colcon', 'build']
[0.076s] DEBUG:colcon:Parsed command line arguments: Namespace(log_base=None, log_level=None, verb_name='build', build_base='build', install_base='install', merge_install=False, symlink_install=False, test_result_base=None, continue_on_error=False, executor='parallel', parallel_workers=32, event_handlers=None, ignore_user_meta=False, metas=['./colcon.meta'], base_paths=['.'], packages_ignore=None, packages_ignore_regex=None, paths=None, packages_up_to=None, packages_up_to_regex=None, packages_above=None, packages_above_and_dependencies=None, packages_above_depth=None, packages_select_by_dep=None, packages_skip_by_dep=None, packages_skip_up_to=None, packages_select_build_failed=False, packages_skip_build_finished=False, packages_select_test_failures=False, packages_skip_test_passed=False, packages_select=None, packages_skip=None, packages_select_regex=None, packages_skip_regex=None, packages_start=None, packages_end=None, allow_overriding=[], cmake_args=None, cmake_target=None, cmake_target_skip_unavailable=False, cmake_clean_cache=False, cmake_clean_first=False, cmake_force_configure=False, ament_cmake_args=None, catkin_cmake_args=None, catkin_skip_building_tests=False, mixin_files=None, mixin=None, verb_parser=<colcon_mixin.mixin.mixin_argument.MixinArgumentDecorator object at 0x731f0cfa6a50>, verb_extension=<colcon_core.verb.build.BuildVerb object at 0x731f0cfa6720>, main=<bound method BuildVerb.main of <colcon_core.verb.build.BuildVerb object at 0x731f0cfa6720>>, mixin_verb=('build',))
[0.096s] Level 1:colcon.colcon_core.package_discovery:discover_packages(colcon_meta) check parameters
[0.096s] Level 1:colcon.colcon_core.package_discovery:discover_packages(recursive) check parameters
[0.097s] Level 1:colcon.colcon_core.package_discovery:discover_packages(ignore) check parameters
[0.097s] Level 1:colcon.colcon_core.package_discovery:discover_packages(path) check parameters
[0.097s] Level 1:colcon.colcon_core.package_discovery:discover_packages(colcon_meta) discover
[0.097s] Level 1:colcon.colcon_core.package_discovery:discover_packages(recursive) discover
[0.097s] INFO:colcon.colcon_core.package_discovery:Crawling recursively for packages in '/home/jao/Desktop/ITDS331_ROS2_FINAL_EXAM_MODULE'
[0.097s] Level 1:colcon.colcon_core.package_identification:_identify(.) by extensions ['ignore', 'ignore_ament_install']
[0.097s] Level 1:colcon.colcon_core.package_identification:_identify(.) by extension 'ignore'
[0.097s] Level 1:colcon.colcon_core.package_identification:_identify(.) by extension 'ignore_ament_install'
[0.097s] Level 1:colcon.colcon_core.package_identification:_identify(.) by extensions ['colcon_pkg']
[0.097s] Level 1:colcon.colcon_core.package_identification:_identify(.) by extension 'colcon_pkg'
[0.097s] Level 1:colcon.colcon_core.package_identification:_identify(.) by extensions ['colcon_meta']
[0.097s] Level 1:colcon.colcon_core.package_identification:_identify(.) by extension 'colcon_meta'
[0.097s] Level 1:colcon.colcon_core.package_identification:_identify(.) by extensions ['ros']
[0.097s] Level 1:colcon.colcon_core.package_identification:_identify(.) by extension 'ros'
[0.110s] Level 1:colcon.colcon_core.package_identification:_identify(.) by extensions ['cmake', 'python']
[0.110s] Level 1:colcon.colcon_core.package_identification:_identify(.) by extension 'cmake'
[0.110s] Level 1:colcon.colcon_core.package_identification:_identify(.) by extension 'python'
[0.110s] Level 1:colcon.colcon_core.package_identification:_identify(.) by extensions ['python_setup_py']
[0.110s] Level 1:colcon.colcon_core.package_identification:_identify(.) by extension 'python_setup_py'
[0.110s] Level 1:colcon.colcon_core.package_identification:_identify(build) by extensions ['ignore', 'ignore_ament_install']
[0.110s] Level 1:colcon.colcon_core.package_identification:_identify(build) by extension 'ignore'
[0.110s] Level 1:colcon.colcon_core.package_identification:_identify(build) ignored
[0.110s] Level 1:colcon.colcon_core.package_identification:_identify(install) by extensions ['ignore', 'ignore_ament_install']
[0.110s] Level 1:colcon.colcon_core.package_identification:_identify(install) by extension 'ignore'
[0.110s] Level 1:colcon.colcon_core.package_identification:_identify(install) ignored
[0.110s] Level 1:colcon.colcon_core.package_identification:_identify(log) by extensions ['ignore', 'ignore_ament_install']
[0.110s] Level 1:colcon.colcon_core.package_identification:_identify(log) by extension 'ignore'
[0.110s] Level 1:colcon.colcon_core.package_identification:_identify(log) ignored
[0.111s] Level 1:colcon.colcon_core.package_identification:_identify(ros2) by extensions ['ignore', 'ignore_ament_install']
[0.111s] Level 1:colcon.colcon_core.package_identification:_identify(ros2) by extension 'ignore'
[0.111s] Level 1:colcon.colcon_core.package_identification:_identify(ros2) by extension 'ignore_ament_install'
[0.111s] Level 1:colcon.colcon_core.package_identification:_identify(ros2) by extensions ['colcon_pkg']
[0.111s] Level 1:colcon.colcon_core.package_identification:_identify(ros2) by extension 'colcon_pkg'
[0.111s] Level 1:colcon.colcon_core.package_identification:_identify(ros2) by extensions ['colcon_meta']
[0.111s] Level 1:colcon.colcon_core.package_identification:_identify(ros2) by extension 'colcon_meta'
[0.111s] Level 1:colcon.colcon_core.package_identification:_identify(ros2) by extensions ['ros']
[0.111s] Level 1:colcon.colcon_core.package_identification:_identify(ros2) by extension 'ros'
[0.111s] Level 1:colcon.colcon_core.package_identification:_identify(ros2) by extensions ['cmake', 'python']
[0.111s] Level 1:colcon.colcon_core.package_identification:_identify(ros2) by extension 'cmake'
[0.111s] Level 1:colcon.colcon_core.package_identification:_identify(ros2) by extension 'python'
[0.111s] Level 1:colcon.colcon_core.package_identification:_identify(ros2) by extensions ['python_setup_py']
[0.111s] Level 1:colcon.colcon_core.package_identification:_identify(ros2) by extension 'python_setup_py'
[0.111s] Level 1:colcon.colcon_core.package_identification:_identify(ros2/build) by extensions ['ignore', 'ignore_ament_install']
[0.111s] Level 1:colcon.colcon_core.package_identification:_identify(ros2/build) by extension 'ignore'
[0.111s] Level 1:colcon.colcon_core.package_identification:_identify(ros2/build) ignored
[0.111s] Level 1:colcon.colcon_core.package_identification:_identify(ros2/install) by extensions ['ignore', 'ignore_ament_install']
[0.111s] Level 1:colcon.colcon_core.package_identification:_identify(ros2/install) by extension 'ignore'
[0.111s] Level 1:colcon.colcon_core.package_identification:_identify(ros2/install) ignored
[0.111s] Level 1:colcon.colcon_core.package_identification:_identify(ros2/log) by extensions ['ignore', 'ignore_ament_install']
[0.111s] Level 1:colcon.colcon_core.package_identification:_identify(ros2/log) by extension 'ignore'
[0.111s] Level 1:colcon.colcon_core.package_identification:_identify(ros2/log) ignored
[0.111s] Level 1:colcon.colcon_core.package_identification:_identify(ros2/src) by extensions ['ignore', 'ignore_ament_install']
[0.111s] Level 1:colcon.colcon_core.package_identification:_identify(ros2/src) by extension 'ignore'
[0.111s] Level 1:colcon.colcon_core.package_identification:_identify(ros2/src) by extension 'ignore_ament_install'
[0.111s] Level 1:colcon.colcon_core.package_identification:_identify(ros2/src) by extensions ['colcon_pkg']
[0.111s] Level 1:colcon.colcon_core.package_identification:_identify(ros2/src) by extension 'colcon_pkg'
[0.111s] Level 1:colcon.colcon_core.package_identification:_identify(ros2/src) by extensions ['colcon_meta']
[0.111s] Level 1:colcon.colcon_core.package_identification:_identify(ros2/src) by extension 'colcon_meta'
[0.111s] Level 1:colcon.colcon_core.package_identification:_identify(ros2/src) by extensions ['ros']
[0.111s] Level 1:colcon.colcon_core.package_identification:_identify(ros2/src) by extension 'ros'
[0.111s] Level 1:colcon.colcon_core.package_identification:_identify(ros2/src) by extensions ['cmake', 'python']
[0.111s] Level 1:colcon.colcon_core.package_identification:_identify(ros2/src) by extension 'cmake'
[0.111s] Level 1:colcon.colcon_core.package_identification:_identify(ros2/src) by extension 'python'
[0.111s] Level 1:colcon.colcon_core.package_identification:_identify(ros2/src) by extensions ['python_setup_py']
[0.111s] Level 1:colcon.colcon_core.package_identification:_identify(ros2/src) by extension 'python_setup_py'
[0.111s] Level 1:colcon.colcon_core.package_identification:_identify(ros2/src/restaurant_robot) by extensions ['ignore', 'ignore_ament_install']
[0.111s] Level 1:colcon.colcon_core.package_identification:_identify(ros2/src/restaurant_robot) by extension 'ignore'
[0.111s] Level 1:colcon.colcon_core.package_identification:_identify(ros2/src/restaurant_robot) by extension 'ignore_ament_install'
[0.111s] Level 1:colcon.colcon_core.package_identification:_identify(ros2/src/restaurant_robot) by extensions ['colcon_pkg']
[0.111s] Level 1:colcon.colcon_core.package_identification:_identify(ros2/src/restaurant_robot) by extension 'colcon_pkg'
[0.111s] Level 1:colcon.colcon_core.package_identification:_identify(ros2/src/restaurant_robot) by extensions ['colcon_meta']
[0.111s] Level 1:colcon.colcon_core.package_identification:_identify(ros2/src/restaurant_robot) by extension 'colcon_meta'
[0.111s] Level 1:colcon.colcon_core.package_identification:_identify(ros2/src/restaurant_robot) by extensions ['ros']
[0.111s] Level 1:colcon.colcon_core.package_identification:_identify(ros2/src/restaurant_robot) by extension 'ros'
[0.113s] DEBUG:colcon.colcon_core.package_identification:Package 'ros2/src/restaurant_robot' with type 'ros.ament_python' and name 'restaurant_robot'
[0.113s] Level 1:colcon.colcon_core.package_identification:_identify(ros2/src/restaurant_world) by extensions ['ignore', 'ignore_ament_install']
[0.113s] Level 1:colcon.colcon_core.package_identification:_identify(ros2/src/restaurant_world) by extension 'ignore'
[0.113s] Level 1:colcon.colcon_core.package_identification:_identify(ros2/src/restaurant_world) by extension 'ignore_ament_install'
[0.113s] Level 1:colcon.colcon_core.package_identification:_identify(ros2/src/restaurant_world) by extensions ['colcon_pkg']
[0.113s] Level 1:colcon.colcon_core.package_identification:_identify(ros2/src/restaurant_world) by extension 'colcon_pkg'
[0.113s] Level 1:colcon.colcon_core.package_identification:_identify(ros2/src/restaurant_world) by extensions ['colcon_meta']
[0.113s] Level 1:colcon.colcon_core.package_identification:_identify(ros2/src/restaurant_world) by extension 'colcon_meta'
[0.113s] Level 1:colcon.colcon_core.package_identification:_identify(ros2/src/restaurant_world) by extensions ['ros']
[0.113s] Level 1:colcon.colcon_core.package_identification:_identify(ros2/src/restaurant_world) by extension 'ros'
[0.113s] DEBUG:colcon.colcon_core.package_identification:Package 'ros2/src/restaurant_world' with type 'ros.catkin' and name 'restaurant_world'
[0.113s] Level 1:colcon.colcon_core.package_identification:_identify(ros2/src/turtlebot3_simulations) by extensions ['ignore', 'ignore_ament_install']
[0.113s] Level 1:colcon.colcon_core.package_identification:_identify(ros2/src/turtlebot3_simulations) by extension 'ignore'
[0.113s] Level 1:colcon.colcon_core.package_identification:_identify(ros2/src/turtlebot3_simulations) by extension 'ignore_ament_install'
[0.113s] Level 1:colcon.colcon_core.package_identification:_identify(ros2/src/turtlebot3_simulations) by extensions ['colcon_pkg']
[0.113s] Level 1:colcon.colcon_core.package_identification:_identify(ros2/src/turtlebot3_simulations) by extension 'colcon_pkg'
[0.113s] Level 1:colcon.colcon_core.package_identification:_identify(ros2/src/turtlebot3_simulations) by extensions ['colcon_meta']
[0.113s] Level 1:colcon.colcon_core.package_identification:_identify(ros2/src/turtlebot3_simulations) by extension 'colcon_meta'
[0.113s] Level 1:colcon.colcon_core.package_identification:_identify(ros2/src/turtlebot3_simulations) by extensions ['ros']
[0.113s] Level 1:colcon.colcon_core.package_identification:_identify(ros2/src/turtlebot3_simulations) by extension 'ros'
[0.113s] Level 1:colcon.colcon_core.package_identification:_identify(ros2/src/turtlebot3_simulations) by extensions ['cmake', 'python']
[0.113s] Level 1:colcon.colcon_core.package_identification:_identify(ros2/src/turtlebot3_simulations) by extension 'cmake'
[0.113s] Level 1:colcon.colcon_core.package_identification:_identify(ros2/src/turtlebot3_simulations) by extension 'python'
[0.113s] Level 1:colcon.colcon_core.package_identification:_identify(ros2/src/turtlebot3_simulations) by extensions ['python_setup_py']
[0.113s] Level 1:colcon.colcon_core.package_identification:_identify(ros2/src/turtlebot3_simulations) by extension 'python_setup_py'
[0.113s] Level 1:colcon.colcon_core.package_discovery:discover_packages(recursive) using defaults
[0.113s] Level 1:colcon.colcon_core.package_discovery:discover_packages(ignore) discover
[0.113s] Level 1:colcon.colcon_core.package_discovery:discover_packages(ignore) using defaults
[0.113s] Level 1:colcon.colcon_core.package_discovery:discover_packages(path) discover
[0.113s] Level 1:colcon.colcon_core.package_discovery:discover_packages(path) using defaults
[0.122s] Level 1:colcon.colcon_core.package_discovery:discover_packages(prefix_path) check parameters
[0.122s] Level 1:colcon.colcon_core.package_discovery:discover_packages(prefix_path) discover
[0.122s] DEBUG:colcon.colcon_installed_package_information.package_discovery:Found 1 installed packages in /home/jao/Desktop/ITDS331_ROS2_FINAL_EXAM_MODULE/install
[0.124s] DEBUG:colcon.colcon_installed_package_information.package_discovery:Found 481 installed packages in /opt/ros/jazzy
[0.125s] Level 1:colcon.colcon_core.package_discovery:discover_packages(prefix_path) using defaults
[0.154s] Level 5:colcon.colcon_core.verb:set package 'restaurant_robot' build argument 'cmake_args' from command line to 'None'
[0.154s] Level 5:colcon.colcon_core.verb:set package 'restaurant_robot' build argument 'cmake_target' from command line to 'None'
[0.154s] Level 5:colcon.colcon_core.verb:set package 'restaurant_robot' build argument 'cmake_target_skip_unavailable' from command line to 'False'
[0.154s] Level 5:colcon.colcon_core.verb:set package 'restaurant_robot' build argument 'cmake_clean_cache' from command line to 'False'
[0.154s] Level 5:colcon.colcon_core.verb:set package 'restaurant_robot' build argument 'cmake_clean_first' from command line to 'False'
[0.154s] Level 5:colcon.colcon_core.verb:set package 'restaurant_robot' build argument 'cmake_force_configure' from command line to 'False'
[0.154s] Level 5:colcon.colcon_core.verb:set package 'restaurant_robot' build argument 'ament_cmake_args' from command line to 'None'
[0.154s] Level 5:colcon.colcon_core.verb:set package 'restaurant_robot' build argument 'catkin_cmake_args' from command line to 'None'
[0.154s] Level 5:colcon.colcon_core.verb:set package 'restaurant_robot' build argument 'catkin_skip_building_tests' from command line to 'False'
[0.154s] DEBUG:colcon.colcon_core.verb:Building package 'restaurant_robot' with the following arguments: {'ament_cmake_args': None, 'build_base': '/home/jao/Desktop/ITDS331_ROS2_FINAL_EXAM_MODULE/build/restaurant_robot', 'catkin_cmake_args': None, 'catkin_skip_building_tests': False, 'cmake_args': None, 'cmake_clean_cache': False, 'cmake_clean_first': False, 'cmake_force_configure': False, 'cmake_target': None, 'cmake_target_skip_unavailable': False, 'install_base': '/home/jao/Desktop/ITDS331_ROS2_FINAL_EXAM_MODULE/install/restaurant_robot', 'merge_install': False, 'path': '/home/jao/Desktop/ITDS331_ROS2_FINAL_EXAM_MODULE/ros2/src/restaurant_robot', 'symlink_install': False, 'test_result_base': None}
[0.154s] Level 5:colcon.colcon_core.verb:set package 'restaurant_world' build argument 'cmake_args' from command line to 'None'
[0.154s] Level 5:colcon.colcon_core.verb:set package 'restaurant_world' build argument 'cmake_target' from command line to 'None'
[0.154s] Level 5:colcon.colcon_core.verb:set package 'restaurant_world' build argument 'cmake_target_skip_unavailable' from command line to 'False'
[0.154s] Level 5:colcon.colcon_core.verb:set package 'restaurant_world' build argument 'cmake_clean_cache' from command line to 'False'
[0.154s] Level 5:colcon.colcon_core.verb:set package 'restaurant_world' build argument 'cmake_clean_first' from command line to 'False'
[0.155s] Level 5:colcon.colcon_core.verb:set package 'restaurant_world' build argument 'cmake_force_configure' from command line to 'False'
[0.155s] Level 5:colcon.colcon_core.verb:set package 'restaurant_world' build argument 'ament_cmake_args' from command line to 'None'
[0.155s] Level 5:colcon.colcon_core.verb:set package 'restaurant_world' build argument 'catkin_cmake_args' from command line to 'None'
[0.155s] Level 5:colcon.colcon_core.verb:set package 'restaurant_world' build argument 'catkin_skip_building_tests' from command line to 'False'
[0.155s] DEBUG:colcon.colcon_core.verb:Building package 'restaurant_world' with the following arguments: {'ament_cmake_args': None, 'build_base': '/home/jao/Desktop/ITDS331_ROS2_FINAL_EXAM_MODULE/build/restaurant_world', 'catkin_cmake_args': None, 'catkin_skip_building_tests': False, 'cmake_args': None, 'cmake_clean_cache': False, 'cmake_clean_first': False, 'cmake_force_configure': False, 'cmake_target': None, 'cmake_target_skip_unavailable': False, 'install_base': '/home/jao/Desktop/ITDS331_ROS2_FINAL_EXAM_MODULE/install/restaurant_world', 'merge_install': False, 'path': '/home/jao/Desktop/ITDS331_ROS2_FINAL_EXAM_MODULE/ros2/src/restaurant_world', 'symlink_install': False, 'test_result_base': None}
[0.155s] INFO:colcon.colcon_core.executor:Executing jobs using 'parallel' executor
[0.155s] DEBUG:colcon.colcon_parallel_executor.executor.parallel:run_until_complete
[0.155s] INFO:colcon.colcon_ros.task.ament_python.build:Building ROS package in '/home/jao/Desktop/ITDS331_ROS2_FINAL_EXAM_MODULE/ros2/src/restaurant_robot' with build type 'ament_python'
[0.155s] Level 1:colcon.colcon_core.shell:create_environment_hook('restaurant_robot', 'ament_prefix_path')
[0.156s] INFO:colcon.colcon_core.plugin_system:Skipping extension 'colcon_core.shell.bat': Not used on non-Windows systems
[0.156s] INFO:colcon.colcon_core.shell:Creating environment hook '/home/jao/Desktop/ITDS331_ROS2_FINAL_EXAM_MODULE/install/restaurant_robot/share/restaurant_robot/hook/ament_prefix_path.ps1'
[0.157s] INFO:colcon.colcon_core.shell:Creating environment descriptor '/home/jao/Desktop/ITDS331_ROS2_FINAL_EXAM_MODULE/install/restaurant_robot/share/restaurant_robot/hook/ament_prefix_path.dsv'
[0.157s] INFO:colcon.colcon_core.shell:Creating environment hook '/home/jao/Desktop/ITDS331_ROS2_FINAL_EXAM_MODULE/install/restaurant_robot/share/restaurant_robot/hook/ament_prefix_path.sh'
[0.157s] INFO:colcon.colcon_core.shell:Skip shell extension 'powershell' for command environment: Not usable outside of PowerShell
[0.157s] DEBUG:colcon.colcon_core.shell:Skip shell extension 'dsv' for command environment
[0.159s] INFO:colcon.colcon_ros.task.catkin.build:Building ROS package in '/home/jao/Desktop/ITDS331_ROS2_FINAL_EXAM_MODULE/ros2/src/restaurant_world' with build type 'catkin'
[0.160s] INFO:colcon.colcon_cmake.task.cmake.build:Building CMake package in '/home/jao/Desktop/ITDS331_ROS2_FINAL_EXAM_MODULE/ros2/src/restaurant_world'
[0.160s] INFO:colcon.colcon_core.shell:Skip shell extension 'powershell' for command environment: Not usable outside of PowerShell
[0.160s] DEBUG:colcon.colcon_core.shell:Skip shell extension 'dsv' for command environment
[0.267s] INFO:colcon.colcon_core.task.python.build:Building Python package in '/home/jao/Desktop/ITDS331_ROS2_FINAL_EXAM_MODULE/ros2/src/restaurant_robot'
[0.268s] INFO:colcon.colcon_core.shell:Skip shell extension 'powershell' for command environment: Not usable outside of PowerShell
[0.268s] DEBUG:colcon.colcon_core.shell:Skip shell extension 'dsv' for command environment
[0.272s] DEBUG:colcon.colcon_core.event_handler.log_command:Invoking command in '/home/jao/Desktop/ITDS331_ROS2_FINAL_EXAM_MODULE/build/restaurant_world': DEBUGINFOD_URLS=https://debuginfod.ubuntu.com /usr/bin/cmake /home/jao/Desktop/ITDS331_ROS2_FINAL_EXAM_MODULE/ros2/src/restaurant_world -DCATKIN_INSTALL_INTO_PREFIX_ROOT=0 -DCMAKE_INSTALL_PREFIX=/home/jao/Desktop/ITDS331_ROS2_FINAL_EXAM_MODULE/install/restaurant_world
[0.530s] DEBUG:colcon.colcon_core.event_handler.log_command:Invoked command in '/home/jao/Desktop/ITDS331_ROS2_FINAL_EXAM_MODULE/build/restaurant_world' returned '0': DEBUGINFOD_URLS=https://debuginfod.ubuntu.com /usr/bin/cmake /home/jao/Desktop/ITDS331_ROS2_FINAL_EXAM_MODULE/ros2/src/restaurant_world -DCATKIN_INSTALL_INTO_PREFIX_ROOT=0 -DCMAKE_INSTALL_PREFIX=/home/jao/Desktop/ITDS331_ROS2_FINAL_EXAM_MODULE/install/restaurant_world
[0.531s] DEBUG:colcon.colcon_core.event_handler.log_command:Invoking command in '/home/jao/Desktop/ITDS331_ROS2_FINAL_EXAM_MODULE/build/restaurant_world': DEBUGINFOD_URLS=https://debuginfod.ubuntu.com /usr/bin/cmake --build /home/jao/Desktop/ITDS331_ROS2_FINAL_EXAM_MODULE/build/restaurant_world -- -j32 -l32
[0.559s] DEBUG:colcon.colcon_core.event_handler.log_command:Invoked command in '/home/jao/Desktop/ITDS331_ROS2_FINAL_EXAM_MODULE/build/restaurant_world' returned '0': DEBUGINFOD_URLS=https://debuginfod.ubuntu.com /usr/bin/cmake --build /home/jao/Desktop/ITDS331_ROS2_FINAL_EXAM_MODULE/build/restaurant_world -- -j32 -l32
[0.566s] DEBUG:colcon.colcon_core.event_handler.log_command:Invoking command in '/home/jao/Desktop/ITDS331_ROS2_FINAL_EXAM_MODULE/build/restaurant_world': DEBUGINFOD_URLS=https://debuginfod.ubuntu.com /usr/bin/cmake --install /home/jao/Desktop/ITDS331_ROS2_FINAL_EXAM_MODULE/build/restaurant_world
[0.575s] DEBUG:colcon.colcon_core.event_handler.log_command:Invoked command in '/home/jao/Desktop/ITDS331_ROS2_FINAL_EXAM_MODULE/build/restaurant_world' returned '0': DEBUGINFOD_URLS=https://debuginfod.ubuntu.com /usr/bin/cmake --install /home/jao/Desktop/ITDS331_ROS2_FINAL_EXAM_MODULE/build/restaurant_world
[0.575s] Level 1:colcon.colcon_core.shell:create_environment_hook('restaurant_world', 'ros_package_path')
[0.575s] INFO:colcon.colcon_core.shell:Creating environment hook '/home/jao/Desktop/ITDS331_ROS2_FINAL_EXAM_MODULE/install/restaurant_world/share/restaurant_world/hook/ros_package_path.ps1'
[0.576s] INFO:colcon.colcon_core.shell:Creating environment descriptor '/home/jao/Desktop/ITDS331_ROS2_FINAL_EXAM_MODULE/install/restaurant_world/share/restaurant_world/hook/ros_package_path.dsv'
[0.576s] INFO:colcon.colcon_core.shell:Creating environment hook '/home/jao/Desktop/ITDS331_ROS2_FINAL_EXAM_MODULE/install/restaurant_world/share/restaurant_world/hook/ros_package_path.sh'
[0.576s] Level 1:colcon.colcon_core.shell:create_environment_hook('restaurant_world', 'pkg_config_path')
[0.576s] INFO:colcon.colcon_core.shell:Creating environment hook '/home/jao/Desktop/ITDS331_ROS2_FINAL_EXAM_MODULE/install/restaurant_world/share/restaurant_world/hook/pkg_config_path.ps1'
[0.576s] INFO:colcon.colcon_core.shell:Creating environment descriptor '/home/jao/Desktop/ITDS331_ROS2_FINAL_EXAM_MODULE/install/restaurant_world/share/restaurant_world/hook/pkg_config_path.dsv'
[0.576s] INFO:colcon.colcon_core.shell:Creating environment hook '/home/jao/Desktop/ITDS331_ROS2_FINAL_EXAM_MODULE/install/restaurant_world/share/restaurant_world/hook/pkg_config_path.sh'
[0.578s] Level 1:colcon.colcon_core.shell:create_environment_hook('restaurant_world', 'pkg_config_path_multiarch')
[0.578s] INFO:colcon.colcon_core.shell:Creating environment hook '/home/jao/Desktop/ITDS331_ROS2_FINAL_EXAM_MODULE/install/restaurant_world/share/restaurant_world/hook/pkg_config_path_multiarch.ps1'
[0.578s] INFO:colcon.colcon_core.shell:Creating environment descriptor '/home/jao/Desktop/ITDS331_ROS2_FINAL_EXAM_MODULE/install/restaurant_world/share/restaurant_world/hook/pkg_config_path_multiarch.dsv'
[0.578s] INFO:colcon.colcon_core.shell:Creating environment hook '/home/jao/Desktop/ITDS331_ROS2_FINAL_EXAM_MODULE/install/restaurant_world/share/restaurant_world/hook/pkg_config_path_multiarch.sh'
[0.579s] Level 1:colcon.colcon_core.environment:create_environment_scripts_only(restaurant_world)
[0.580s] Level 1:colcon.colcon_core.environment:checking '/home/jao/Desktop/ITDS331_ROS2_FINAL_EXAM_MODULE/install/restaurant_world' for CMake module files
[0.580s] Level 1:colcon.colcon_core.environment:checking '/home/jao/Desktop/ITDS331_ROS2_FINAL_EXAM_MODULE/install/restaurant_world' for CMake config files
[0.580s] Level 1:colcon.colcon_core.shell:create_environment_hook('restaurant_world', 'cmake_prefix_path')
[0.580s] INFO:colcon.colcon_core.shell:Creating environment hook '/home/jao/Desktop/ITDS331_ROS2_FINAL_EXAM_MODULE/install/restaurant_world/share/restaurant_world/hook/cmake_prefix_path.ps1'
[0.581s] INFO:colcon.colcon_core.shell:Creating environment descriptor '/home/jao/Desktop/ITDS331_ROS2_FINAL_EXAM_MODULE/install/restaurant_world/share/restaurant_world/hook/cmake_prefix_path.dsv'
[0.581s] INFO:colcon.colcon_core.shell:Creating environment hook '/home/jao/Desktop/ITDS331_ROS2_FINAL_EXAM_MODULE/install/restaurant_world/share/restaurant_world/hook/cmake_prefix_path.sh'
[0.581s] Level 1:colcon.colcon_core.environment:checking '/home/jao/Desktop/ITDS331_ROS2_FINAL_EXAM_MODULE/install/restaurant_world/bin'
[0.581s] Level 1:colcon.colcon_core.environment:checking '/home/jao/Desktop/ITDS331_ROS2_FINAL_EXAM_MODULE/install/restaurant_world/lib/pkgconfig/restaurant_world.pc'
[0.581s] Level 1:colcon.colcon_core.environment:checking '/home/jao/Desktop/ITDS331_ROS2_FINAL_EXAM_MODULE/install/restaurant_world/lib/python3.12/site-packages'
[0.581s] Level 1:colcon.colcon_core.environment:checking '/home/jao/Desktop/ITDS331_ROS2_FINAL_EXAM_MODULE/install/restaurant_world/bin'
[0.582s] INFO:colcon.colcon_core.shell:Creating package script '/home/jao/Desktop/ITDS331_ROS2_FINAL_EXAM_MODULE/install/restaurant_world/share/restaurant_world/package.ps1'
[0.582s] INFO:colcon.colcon_core.shell:Creating package descriptor '/home/jao/Desktop/ITDS331_ROS2_FINAL_EXAM_MODULE/install/restaurant_world/share/restaurant_world/package.dsv'
[0.582s] INFO:colcon.colcon_core.shell:Creating package script '/home/jao/Desktop/ITDS331_ROS2_FINAL_EXAM_MODULE/install/restaurant_world/share/restaurant_world/package.sh'
[0.583s] INFO:colcon.colcon_core.shell:Creating package script '/home/jao/Desktop/ITDS331_ROS2_FINAL_EXAM_MODULE/install/restaurant_world/share/restaurant_world/package.bash'
[0.583s] INFO:colcon.colcon_core.shell:Creating package script '/home/jao/Desktop/ITDS331_ROS2_FINAL_EXAM_MODULE/install/restaurant_world/share/restaurant_world/package.zsh'
[0.583s] Level 1:colcon.colcon_core.environment:create_file_with_runtime_dependencies(/home/jao/Desktop/ITDS331_ROS2_FINAL_EXAM_MODULE/install/restaurant_world/share/colcon-core/packages/restaurant_world)
[0.585s] DEBUG:colcon.colcon_core.event_handler.log_command:Invoking command in '/home/jao/Desktop/ITDS331_ROS2_FINAL_EXAM_MODULE/ros2/src/restaurant_robot': DEBUGINFOD_URLS=https://debuginfod.ubuntu.com PYTHONPATH=/home/jao/Desktop/ITDS331_ROS2_FINAL_EXAM_MODULE/build/restaurant_robot/prefix_override:/usr/lib/python3/dist-packages/colcon_core/task/python/colcon_distutils_commands:/home/jao/Desktop/ITDS331_ROS2_FINAL_EXAM_MODULE/install/restaurant_robot/lib/python3.12/site-packages:${PYTHONPATH} /usr/bin/python3 -W ignore:setup.py install is deprecated -W ignore:easy_install command is deprecated setup.py egg_info --egg-base ../../../build/restaurant_robot build --build-base /home/jao/Desktop/ITDS331_ROS2_FINAL_EXAM_MODULE/build/restaurant_robot/build install --record /home/jao/Desktop/ITDS331_ROS2_FINAL_EXAM_MODULE/build/restaurant_robot/install.log --single-version-externally-managed install_data
[0.851s] Level 1:colcon.colcon_core.environment:checking '/home/jao/Desktop/ITDS331_ROS2_FINAL_EXAM_MODULE/install/restaurant_robot' for CMake module files
[0.851s] DEBUG:colcon.colcon_core.event_handler.log_command:Invoked command in '/home/jao/Desktop/ITDS331_ROS2_FINAL_EXAM_MODULE/ros2/src/restaurant_robot' returned '0': DEBUGINFOD_URLS=https://debuginfod.ubuntu.com PYTHONPATH=/home/jao/Desktop/ITDS331_ROS2_FINAL_EXAM_MODULE/build/restaurant_robot/prefix_override:/usr/lib/python3/dist-packages/colcon_core/task/python/colcon_distutils_commands:/home/jao/Desktop/ITDS331_ROS2_FINAL_EXAM_MODULE/install/restaurant_robot/lib/python3.12/site-packages:${PYTHONPATH} /usr/bin/python3 -W ignore:setup.py install is deprecated -W ignore:easy_install command is deprecated setup.py egg_info --egg-base ../../../build/restaurant_robot build --build-base /home/jao/Desktop/ITDS331_ROS2_FINAL_EXAM_MODULE/build/restaurant_robot/build install --record /home/jao/Desktop/ITDS331_ROS2_FINAL_EXAM_MODULE/build/restaurant_robot/install.log --single-version-externally-managed install_data
[0.852s] Level 1:colcon.colcon_core.environment:checking '/home/jao/Desktop/ITDS331_ROS2_FINAL_EXAM_MODULE/install/restaurant_robot' for CMake config files
[0.852s] Level 1:colcon.colcon_core.environment:checking '/home/jao/Desktop/ITDS331_ROS2_FINAL_EXAM_MODULE/install/restaurant_robot/lib'
[0.852s] Level 1:colcon.colcon_core.environment:checking '/home/jao/Desktop/ITDS331_ROS2_FINAL_EXAM_MODULE/install/restaurant_robot/bin'
[0.852s] Level 1:colcon.colcon_core.environment:checking '/home/jao/Desktop/ITDS331_ROS2_FINAL_EXAM_MODULE/install/restaurant_robot/lib/pkgconfig/restaurant_robot.pc'
[0.852s] Level 1:colcon.colcon_core.environment:checking '/home/jao/Desktop/ITDS331_ROS2_FINAL_EXAM_MODULE/install/restaurant_robot/lib/python3.12/site-packages'
[0.852s] Level 1:colcon.colcon_core.shell:create_environment_hook('restaurant_robot', 'pythonpath')
[0.852s] INFO:colcon.colcon_core.shell:Creating environment hook '/home/jao/Desktop/ITDS331_ROS2_FINAL_EXAM_MODULE/install/restaurant_robot/share/restaurant_robot/hook/pythonpath.ps1'
[0.853s] INFO:colcon.colcon_core.shell:Creating environment descriptor '/home/jao/Desktop/ITDS331_ROS2_FINAL_EXAM_MODULE/install/restaurant_robot/share/restaurant_robot/hook/pythonpath.dsv'
[0.853s] INFO:colcon.colcon_core.shell:Creating environment hook '/home/jao/Desktop/ITDS331_ROS2_FINAL_EXAM_MODULE/install/restaurant_robot/share/restaurant_robot/hook/pythonpath.sh'
[0.853s] Level 1:colcon.colcon_core.environment:checking '/home/jao/Desktop/ITDS331_ROS2_FINAL_EXAM_MODULE/install/restaurant_robot/bin'
[0.853s] Level 1:colcon.colcon_core.environment:create_environment_scripts_only(restaurant_robot)
[0.853s] INFO:colcon.colcon_core.shell:Creating package script '/home/jao/Desktop/ITDS331_ROS2_FINAL_EXAM_MODULE/install/restaurant_robot/share/restaurant_robot/package.ps1'
[0.853s] INFO:colcon.colcon_core.shell:Creating package descriptor '/home/jao/Desktop/ITDS331_ROS2_FINAL_EXAM_MODULE/install/restaurant_robot/share/restaurant_robot/package.dsv'
[0.854s] INFO:colcon.colcon_core.shell:Creating package script '/home/jao/Desktop/ITDS331_ROS2_FINAL_EXAM_MODULE/install/restaurant_robot/share/restaurant_robot/package.sh'
[0.854s] INFO:colcon.colcon_core.shell:Creating package script '/home/jao/Desktop/ITDS331_ROS2_FINAL_EXAM_MODULE/install/restaurant_robot/share/restaurant_robot/package.bash'
[0.854s] INFO:colcon.colcon_core.shell:Creating package script '/home/jao/Desktop/ITDS331_ROS2_FINAL_EXAM_MODULE/install/restaurant_robot/share/restaurant_robot/package.zsh'
[0.854s] Level 1:colcon.colcon_core.environment:create_file_with_runtime_dependencies(/home/jao/Desktop/ITDS331_ROS2_FINAL_EXAM_MODULE/install/restaurant_robot/share/colcon-core/packages/restaurant_robot)
[0.854s] DEBUG:colcon.colcon_parallel_executor.executor.parallel:closing loop
[0.854s] DEBUG:colcon.colcon_parallel_executor.executor.parallel:loop closed
[0.854s] DEBUG:colcon.colcon_parallel_executor.executor.parallel:run_until_complete finished with '0'
[0.854s] DEBUG:colcon.colcon_core.event_reactor:joining thread
[0.864s] INFO:colcon.colcon_core.plugin_system:Skipping extension 'colcon_notification.desktop_notification.terminal_notifier': Not used on non-Darwin systems
[0.865s] INFO:colcon.colcon_core.plugin_system:Skipping extension 'colcon_notification.desktop_notification.win32': Not used on non-Windows systems
[0.865s] INFO:colcon.colcon_notification.desktop_notification:Sending desktop notification using 'notify2'
[0.872s] DEBUG:colcon.colcon_core.event_reactor:joined thread
[0.872s] INFO:colcon.colcon_core.shell:Creating prefix script '/home/jao/Desktop/ITDS331_ROS2_FINAL_EXAM_MODULE/install/local_setup.ps1'
[0.873s] INFO:colcon.colcon_core.shell:Creating prefix util module '/home/jao/Desktop/ITDS331_ROS2_FINAL_EXAM_MODULE/install/_local_setup_util_ps1.py'
[0.873s] INFO:colcon.colcon_core.shell:Creating prefix chain script '/home/jao/Desktop/ITDS331_ROS2_FINAL_EXAM_MODULE/install/setup.ps1'
[0.874s] INFO:colcon.colcon_core.shell:Creating prefix script '/home/jao/Desktop/ITDS331_ROS2_FINAL_EXAM_MODULE/install/local_setup.sh'
[0.874s] INFO:colcon.colcon_core.shell:Creating prefix util module '/home/jao/Desktop/ITDS331_ROS2_FINAL_EXAM_MODULE/install/_local_setup_util_sh.py'
[0.874s] INFO:colcon.colcon_core.shell:Creating prefix chain script '/home/jao/Desktop/ITDS331_ROS2_FINAL_EXAM_MODULE/install/setup.sh'
[0.875s] INFO:colcon.colcon_core.shell:Creating prefix script '/home/jao/Desktop/ITDS331_ROS2_FINAL_EXAM_MODULE/install/local_setup.bash'
[0.875s] INFO:colcon.colcon_core.shell:Creating prefix chain script '/home/jao/Desktop/ITDS331_ROS2_FINAL_EXAM_MODULE/install/setup.bash'
[0.875s] INFO:colcon.colcon_core.shell:Creating prefix script '/home/jao/Desktop/ITDS331_ROS2_FINAL_EXAM_MODULE/install/local_setup.zsh'
[0.876s] INFO:colcon.colcon_core.shell:Creating prefix chain script '/home/jao/Desktop/ITDS331_ROS2_FINAL_EXAM_MODULE/install/setup.zsh'
